Archive member included to satisfy reference by file (symbol)

d:/stm32cubeide_1.8.0/stm32cubeide/plugins/com.st.stm32cube.ide.mcu.externaltools.gnu-tools-for-stm32.9-2020-q2-update.win32_2.0.0.202105311346/tools/bin/../lib/gcc/arm-none-eabi/9.3.1/../../../../arm-none-eabi/lib/thumb/v7e-m+dp/hard\libm.a(lib_a-pow.o)
                              ./Core/Src/bh.o (pow)
d:/stm32cubeide_1.8.0/stm32cubeide/plugins/com.st.stm32cube.ide.mcu.externaltools.gnu-tools-for-stm32.9-2020-q2-update.win32_2.0.0.202105311346/tools/bin/../lib/gcc/arm-none-eabi/9.3.1/../../../../arm-none-eabi/lib/thumb/v7e-m+dp/hard\libm.a(lib_a-pow_log_data.o)
                              d:/stm32cubeide_1.8.0/stm32cubeide/plugins/com.st.stm32cube.ide.mcu.externaltools.gnu-tools-for-stm32.9-2020-q2-update.win32_2.0.0.202105311346/tools/bin/../lib/gcc/arm-none-eabi/9.3.1/../../../../arm-none-eabi/lib/thumb/v7e-m+dp/hard\libm.a(lib_a-pow.o) (__pow_log_data)
d:/stm32cubeide_1.8.0/stm32cubeide/plugins/com.st.stm32cube.ide.mcu.externaltools.gnu-tools-for-stm32.9-2020-q2-update.win32_2.0.0.202105311346/tools/bin/../lib/gcc/arm-none-eabi/9.3.1/../../../../arm-none-eabi/lib/thumb/v7e-m+dp/hard\libm.a(lib_a-exp_data.o)
                              d:/stm32cubeide_1.8.0/stm32cubeide/plugins/com.st.stm32cube.ide.mcu.externaltools.gnu-tools-for-stm32.9-2020-q2-update.win32_2.0.0.202105311346/tools/bin/../lib/gcc/arm-none-eabi/9.3.1/../../../../arm-none-eabi/lib/thumb/v7e-m+dp/hard\libm.a(lib_a-pow.o) (__exp_data)
d:/stm32cubeide_1.8.0/stm32cubeide/plugins/com.st.stm32cube.ide.mcu.externaltools.gnu-tools-for-stm32.9-2020-q2-update.win32_2.0.0.202105311346/tools/bin/../lib/gcc/arm-none-eabi/9.3.1/../../../../arm-none-eabi/lib/thumb/v7e-m+dp/hard\libm.a(lib_a-math_err.o)
                              d:/stm32cubeide_1.8.0/stm32cubeide/plugins/com.st.stm32cube.ide.mcu.externaltools.gnu-tools-for-stm32.9-2020-q2-update.win32_2.0.0.202105311346/tools/bin/../lib/gcc/arm-none-eabi/9.3.1/../../../../arm-none-eabi/lib/thumb/v7e-m+dp/hard\libm.a(lib_a-pow.o) (__math_uflow)
d:/stm32cubeide_1.8.0/stm32cubeide/plugins/com.st.stm32cube.ide.mcu.externaltools.gnu-tools-for-stm32.9-2020-q2-update.win32_2.0.0.202105311346/tools/bin/../lib/gcc/arm-none-eabi/9.3.1/../../../../arm-none-eabi/lib/thumb/v7e-m+dp/hard\libc_nano.a(lib_a-errno.o)
                              ./Core/Src/syscalls.o (__errno)
d:/stm32cubeide_1.8.0/stm32cubeide/plugins/com.st.stm32cube.ide.mcu.externaltools.gnu-tools-for-stm32.9-2020-q2-update.win32_2.0.0.202105311346/tools/bin/../lib/gcc/arm-none-eabi/9.3.1/../../../../arm-none-eabi/lib/thumb/v7e-m+dp/hard\libc_nano.a(lib_a-exit.o)
                              d:/stm32cubeide_1.8.0/stm32cubeide/plugins/com.st.stm32cube.ide.mcu.externaltools.gnu-tools-for-stm32.9-2020-q2-update.win32_2.0.0.202105311346/tools/bin/../lib/gcc/arm-none-eabi/9.3.1/../../../../arm-none-eabi/lib/thumb/v7e-m+dp/hard/crt0.o (exit)
d:/stm32cubeide_1.8.0/stm32cubeide/plugins/com.st.stm32cube.ide.mcu.externaltools.gnu-tools-for-stm32.9-2020-q2-update.win32_2.0.0.202105311346/tools/bin/../lib/gcc/arm-none-eabi/9.3.1/../../../../arm-none-eabi/lib/thumb/v7e-m+dp/hard\libc_nano.a(lib_a-findfp.o)
                              ./Middlewares/Third_Party/FreeRTOS/tasks.o (__sf_fake_stderr)
d:/stm32cubeide_1.8.0/stm32cubeide/plugins/com.st.stm32cube.ide.mcu.externaltools.gnu-tools-for-stm32.9-2020-q2-update.win32_2.0.0.202105311346/tools/bin/../lib/gcc/arm-none-eabi/9.3.1/../../../../arm-none-eabi/lib/thumb/v7e-m+dp/hard\libc_nano.a(lib_a-fwalk.o)
                              d:/stm32cubeide_1.8.0/stm32cubeide/plugins/com.st.stm32cube.ide.mcu.externaltools.gnu-tools-for-stm32.9-2020-q2-update.win32_2.0.0.202105311346/tools/bin/../lib/gcc/arm-none-eabi/9.3.1/../../../../arm-none-eabi/lib/thumb/v7e-m+dp/hard\libc_nano.a(lib_a-findfp.o) (_fwalk)
d:/stm32cubeide_1.8.0/stm32cubeide/plugins/com.st.stm32cube.ide.mcu.externaltools.gnu-tools-for-stm32.9-2020-q2-update.win32_2.0.0.202105311346/tools/bin/../lib/gcc/arm-none-eabi/9.3.1/../../../../arm-none-eabi/lib/thumb/v7e-m+dp/hard\libc_nano.a(lib_a-impure.o)
                              d:/stm32cubeide_1.8.0/stm32cubeide/plugins/com.st.stm32cube.ide.mcu.externaltools.gnu-tools-for-stm32.9-2020-q2-update.win32_2.0.0.202105311346/tools/bin/../lib/gcc/arm-none-eabi/9.3.1/../../../../arm-none-eabi/lib/thumb/v7e-m+dp/hard\libc_nano.a(lib_a-exit.o) (_global_impure_ptr)
d:/stm32cubeide_1.8.0/stm32cubeide/plugins/com.st.stm32cube.ide.mcu.externaltools.gnu-tools-for-stm32.9-2020-q2-update.win32_2.0.0.202105311346/tools/bin/../lib/gcc/arm-none-eabi/9.3.1/../../../../arm-none-eabi/lib/thumb/v7e-m+dp/hard\libc_nano.a(lib_a-init.o)
                              d:/stm32cubeide_1.8.0/stm32cubeide/plugins/com.st.stm32cube.ide.mcu.externaltools.gnu-tools-for-stm32.9-2020-q2-update.win32_2.0.0.202105311346/tools/bin/../lib/gcc/arm-none-eabi/9.3.1/../../../../arm-none-eabi/lib/thumb/v7e-m+dp/hard/crt0.o (__libc_init_array)
[...]
Memory Configuration

Name             Origin             Length             Attributes
RAM_D1           0x0000000024000000 0x0000000000080000 xrw
FLASH            0x0000000008000000 0x0000000000100000 xr
DTCMRAM          0x0000000020000000 0x0000000000020000 xrw
RAM_D2           0x0000000030000000 0x0000000000048000 xrw
RAM_D3           0x0000000038000000 0x0000000000010000 xrw
ITCMRAM          0x0000000000000000 0x0000000000010000 xrw
*default*        0x0000000000000000 0xffffffffffffffff

Linker script and memory map

LOAD d:/stm32cubeide_1.8.0/stm32cubeide/plugins/com.st.stm32cube.ide.mcu.externaltools.gnu-tools-for-stm32.9-2020-q2-update.win32_2.0.0.202105311346/tools/bin/../lib/gcc/arm-none-eabi/9.3.1/thumb/v7e-m+dp/hard/crti.o
LOAD d:/stm32cubeide_1.8.0/stm32cubeide/plugins/com.st.stm32cube.ide.mcu.externaltools.gnu-tools-for-stm32.9-2020-q2-update.win32_2.0.0.202105311346/tools/bin/../lib/gcc/arm-none-eabi/9.3.1/thumb/v7e-m+dp/hard/crtbegin.o
LOAD d:/stm32cubeide_1.8.0/stm32cubeide/plugins/com.st.stm32cube.ide.mcu.externaltools.gnu-tools-for-stm32.9-2020-q2-update.win32_2.0.0.202105311346/tools/bin/../lib/gcc/arm-none-eabi/9.3.1/../../../../arm-none-eabi/lib/thumb/v7e-m+dp/hard/crt0.o
LOAD ./Common/Src/system_stm32h7xx_dualcore_boot_cm4_cm7.o
LOAD ./Core/Src/bh.o
LOAD ./Core/Src/freertos.o
LOAD ./Core/Src/key.o
LOAD ./Core/Src/main.o
LOAD ./Core/Src/pca.o
LOAD ./Core/Src/stm32h7xx_hal_msp.o
LOAD ./Core/Src/stm32h7xx_hal_timebase_tim.o
LOAD ./Core/Src/stm32h7xx_it.o
LOAD ./Core/Src/syscalls.o
LOAD ./Core/Src/sysmem.o
LOAD ./Core/Src/uart_transmit.o
LOAD ./Core/Startup/startup_stm32h747xihx.o
LOAD ./Drivers/STM32H7xx_HAL_Driver/stm32h7xx_hal.o
LOAD ./Drivers/STM32H7xx_HAL_Driver/stm32h7xx_hal_cortex.o
LOAD ./Drivers/STM32H7xx_HAL_Driver/stm32h7xx_hal_crc.o
LOAD ./Drivers/STM32H7xx_HAL_Driver/stm32h7xx_hal_crc_ex.o
LOAD ./Drivers/STM32H7xx_HAL_Driver/stm32h7xx_hal_dma.o
LOAD ./Drivers/STM32H7xx_HAL_Driver/stm32h7xx_hal_dma_ex.o
LOAD ./Drivers/STM32H7xx_HAL_Driver/stm32h7xx_hal_exti.o
LOAD ./Drivers/STM32H7xx_HAL_Driver/stm32h7xx_hal_flash.o
LOAD ./Drivers/STM32H7xx_HAL_Driver/stm32h7xx_hal_flash_ex.o
LOAD ./Drivers/STM32H7xx_HAL_Driver/stm32h7xx_hal_gpio.o
LOAD ./Drivers/STM32H7xx_HAL_Driver/stm32h7xx_hal_hsem.o
LOAD ./Drivers/STM32H7xx_HAL_Driver/stm32h7xx_hal_i2c.o
LOAD ./Drivers/STM32H7xx_HAL_Driver/stm32h7xx_hal_i2c_ex.o
LOAD ./Drivers/STM32H7xx_HAL_Driver/stm32h7xx_hal_mdma.o
LOAD ./Drivers/STM32H7xx_HAL_Driver/stm32h7xx_hal_pwr.o
LOAD ./Drivers/STM32H7xx_HAL_Driver/stm32h7xx_hal_pwr_ex.o
LOAD ./Drivers/STM32H7xx_HAL_Driver/stm32h7xx_hal_rcc.o
LOAD ./Drivers/STM32H7xx_HAL_Driver/stm32h7xx_hal_rcc_ex.o
LOAD ./Drivers/STM32H7xx_HAL_Driver/stm32h7xx_hal_tim.o
LOAD ./Drivers/STM32H7xx_HAL_Driver/stm32h7xx_hal_tim_ex.o
LOAD ./Drivers/STM32H7xx_HAL_Driver/stm32h7xx_hal_uart.o
LOAD ./Drivers/STM32H7xx_HAL_Driver/stm32h7xx_hal_uart_ex.o
LOAD ./Middlewares/Third_Party/FreeRTOS/cmsis_os2.o
LOAD ./Middlewares/Third_Party/FreeRTOS/croutine.o
LOAD ./Middlewares/Third_Party/FreeRTOS/event_groups.o
LOAD ./Middlewares/Third_Party/FreeRTOS/heap_4.o
LOAD ./Middlewares/Third_Party/FreeRTOS/list.o
LOAD ./Middlewares/Third_Party/FreeRTOS/port.o
LOAD ./Middlewares/Third_Party/FreeRTOS/queue.o
LOAD ./Middlewares/Third_Party/FreeRTOS/stream_buffer.o
LOAD ./Middlewares/Third_Party/FreeRTOS/tasks.o
LOAD ./Middlewares/Third_Party/FreeRTOS/timers.o
START GROUP
LOAD d:/stm32cubeide_1.8.0/stm32cubeide/plugins/com.st.stm32cube.ide.mcu.externaltools.gnu-tools-for-stm32.9-2020-q2-update.win32_2.0.0.202105311346/tools/bin/../lib/gcc/arm-none-eabi/9.3.1/../../../../arm-none-eabi/lib/thumb/v7e-m+dp/hard\libstdc++_nano.a
LOAD d:/stm32cubeide_1.8.0/stm32cubeide/plugins/com.st.stm32cube.ide.mcu.externaltools.gnu-tools-for-stm32.9-2020-q2-update.win32_2.0.0.202105311346/tools/bin/../lib/gcc/arm-none-eabi/9.3.1/../../../../arm-none-eabi/lib/thumb/v7e-m+dp/hard\libsupc++_nano.a
END GROUP
LOAD d:/stm32cubeide_1.8.0/stm32cubeide/plugins/com.st.stm32cube.ide.mcu.externaltools.gnu-tools-for-stm32.9-2020-q2-update.win32_2.0.0.202105311346/tools/bin/../lib/gcc/arm-none-eabi/9.3.1/../../../../arm-none-eabi/lib/thumb/v7e-m+dp/hard\libstdc++_nano.a
LOAD d:/stm32cubeide_1.8.0/stm32cubeide/plugins/com.st.stm32cube.ide.mcu.externaltools.gnu-tools-for-stm32.9-2020-q2-update.win32_2.0.0.202105311346/tools/bin/../lib/gcc/arm-none-eabi/9.3.1/../../../../arm-none-eabi/lib/thumb/v7e-m+dp/hard\libm.a
LOAD d:/stm32cubeide_1.8.0/stm32cubeide/plugins/com.st.stm32cube.ide.mcu.externaltools.gnu-tools-for-stm32.9-2020-q2-update.win32_2.0.0.202105311346/tools/bin/../lib/gcc/arm-none-eabi/9.3.1/../../../../arm-none-eabi/lib/thumb/v7e-m+dp/hard\libc_nano.a
START GROUP
LOAD d:/stm32cubeide_1.8.0/stm32cubeide/plugins/com.st.stm32cube.ide.mcu.externaltools.gnu-tools-for-stm32.9-2020-q2-update.win32_2.0.0.202105311346/tools/bin/../lib/gcc/arm-none-eabi/9.3.1/thumb/v7e-m+dp/hard\libgcc.a
LOAD d:/stm32cubeide_1.8.0/stm32cubeide/plugins/com.st.stm32cube.ide.mcu.externaltools.gnu-tools-for-stm32.9-2020-q2-update.win32_2.0.0.202105311346/tools/bin/../lib/gcc/arm-none-eabi/9.3.1/../../../../arm-none-eabi/lib/thumb/v7e-m+dp/hard\libc_nano.a
END GROUP
START GROUP
LOAD d:/stm32cubeide_1.8.0/stm32cubeide/plugins/com.st.stm32cube.ide.mcu.externaltools.gnu-tools-for-stm32.9-2020-q2-update.win32_2.0.0.202105311346/tools/bin/../lib/gcc/arm-none-eabi/9.3.1/thumb/v7e-m+dp/hard\libgcc.a
LOAD d:/stm32cubeide_1.8.0/stm32cubeide/plugins/com.st.stm32cube.ide.mcu.externaltools.gnu-tools-for-stm32.9-2020-q2-update.win32_2.0.0.202105311346/tools/bin/../lib/gcc/arm-none-eabi/9.3.1/../../../../arm-none-eabi/lib/thumb/v7e-m+dp/hard\libc_nano.a
END GROUP
LOAD d:/stm32cubeide_1.8.0/stm32cubeide/plugins/com.st.stm32cube.ide.mcu.externaltools.gnu-tools-for-stm32.9-2020-q2-update.win32_2.0.0.202105311346/tools/bin/../lib/gcc/arm-none-eabi/9.3.1/thumb/v7e-m+dp/hard/crtend.o
LOAD d:/stm32cubeide_1.8.0/stm32cubeide/plugins/com.st.stm32cube.ide.mcu.externaltools.gnu-tools-for-stm32.9-2020-q2-update.win32_2.0.0.202105311346/tools/bin/../lib/gcc/arm-none-eabi/9.3.1/thumb/v7e-m+dp/hard/crtn.o
                0x0000000024080000                _estack = (ORIGIN (RAM_D1) + LENGTH (RAM_D1))
                0x0000000000001000                _Min_Heap_Size = 0x1000
                0x0000000000001000                _Min_Stack_Size = 0x1000

.isr_vector     0x0000000008000000      0x298
                0x0000000008000000                . = ALIGN (0x4)
 *(.isr_vector)
 .isr_vector    0x0000000008000000      0x298 ./Core/Startup/startup_stm32h747xihx.o
                0x0000000008000000                g_pfnVectors
                0x0000000008000298                . = ALIGN (0x4)

.text           0x00000000080002a0     0xa20c
                0x00000000080002a0                . = ALIGN (0x4)
 *(.text)
 .text          0x00000000080002a0       0x40 d:/stm32cubeide_1.8.0/stm32cubeide/plugins/com.st.stm32cube.ide.mcu.externaltools.gnu-tools-for-stm32.9-2020-q2-update.win32_2.0.0.202105311346/tools/bin/../lib/gcc/arm-none-eabi/9.3.1/thumb/v7e-m+dp/hard/crtbegin.o
 .text          0x00000000080002e0       0x30 d:/stm32cubeide_1.8.0/stm32cubeide/plugins/com.st.stm32cube.ide.mcu.externaltools.gnu-tools-for-stm32.9-2020-q2-update.win32_2.0.0.202105311346/tools/bin/../lib/gcc/arm-none-eabi/9.3.1/thumb/v7e-m+dp/hard\libgcc.a(_aeabi_uldivmod.o)
                0x00000000080002e0                __aeabi_uldivmod
 .text          0x0000000008000310      0x2c4 d:/stm32cubeide_1.8.0/stm32cubeide/plugins/com.st.stm32cube.ide.mcu.externaltools.gnu-tools-for-stm32.9-2020-q2-update.win32_2.0.0.202105311346/tools/bin/../lib/gcc/arm-none-eabi/9.3.1/thumb/v7e-m+dp/hard\libgcc.a(_udivmoddi4.o)
                0x0000000008000310                __udivmoddi4
 .text          0x00000000080005d4        0x4 d:/stm32cubeide_1.8.0/stm32cubeide/plugins/com.st.stm32cube.ide.mcu.externaltools.gnu-tools-for-stm32.9-2020-q2-update.win32_2.0.0.202105311346/tools/bin/../lib/gcc/arm-none-eabi/9.3.1/thumb/v7e-m+dp/hard\libgcc.a(_dvmd_tls.o)
                0x00000000080005d4                __aeabi_idiv0
                0x00000000080005d4                __aeabi_ldiv0
 *(.text*)
 .text.SystemInit
                0x00000000080005d8      0x134 ./Common/Src/system_stm32h7xx_dualcore_boot_cm4_cm7.o
                0x00000000080005d8                SystemInit
 .text.bh1750_init
                0x000000000800070c       0x4a ./Core/Src/bh.o
                0x000000000800070c                bh1750_init
 .text.bh1750_startup
                0x0000000008000756       0x36 ./Core/Src/bh.o
                0x0000000008000756                bh1750_startup
 .text.bh1750_Send
                0x000000000800078c       0x36 ./Core/Src/bh.o
                0x000000000800078c                bh1750_Send
 .text.bh1750_Read
                0x00000000080007c2       0x42 ./Core/Src/bh.o
                0x00000000080007c2                bh1750_Read
 .text.b1750_ReadFromBuffer
                0x0000000008000804       0x3e ./Core/Src/bh.o
                0x0000000008000804                b1750_ReadFromBuffer
 *fill*         0x0000000008000842        0x6 
 .text.send_illuminance
                0x0000000008000848      0x170 ./Core/Src/bh.o
                0x0000000008000848                send_illuminance
 .text.key_init
                0x00000000080009b8       0x62 ./Core/Src/key.o
                0x00000000080009b8                key_init
 *fill*         0x0000000008000a1a        0x2 
 .text.main     0x0000000008000a1c      0x170 ./Core/Src/main.o
                0x0000000008000a1c                main
 .text.SystemClock_Config
                0x0000000008000b8c       0xdc ./Core/Src/main.o
                0x0000000008000b8c                SystemClock_Config
 .text.MX_CRC_Init
                0x0000000008000c68       0x44 ./Core/Src/main.o
 .text.MX_I2C1_Init
                0x0000000008000cac       0x80 ./Core/Src/main.o
 .text.MX_I2C4_Init
                0x0000000008000d2c       0x80 ./Core/Src/main.o
 .text.MX_USART1_UART_Init
                0x0000000008000dac       0x98 ./Core/Src/main.o
 .text.MX_GPIO_Init
                0x0000000008000e44      0x178 ./Core/Src/main.o
 .text.StartDefaultTask
                0x0000000008000fbc       0x48 ./Core/Src/main.o
                0x0000000008000fbc                StartDefaultTask
 .text.HAL_TIM_PeriodElapsedCallback
                0x0000000008001004       0x24 ./Core/Src/main.o
                0x0000000008001004                HAL_TIM_PeriodElapsedCallback
 .text.Error_Handler
                0x0000000008001028        0xa ./Core/Src/main.o
                0x0000000008001028                Error_Handler
 *fill*         0x0000000008001032        0x2 
 .text.HAL_MspInit
                0x0000000008001034       0x3c ./Core/Src/stm32h7xx_hal_msp.o
                0x0000000008001034                HAL_MspInit
 .text.HAL_CRC_MspInit
                0x0000000008001070       0x44 ./Core/Src/stm32h7xx_hal_msp.o
                0x0000000008001070                HAL_CRC_MspInit
 .text.HAL_I2C_MspInit
                0x00000000080010b4      0x164 ./Core/Src/stm32h7xx_hal_msp.o
                0x00000000080010b4                HAL_I2C_MspInit
 .text.HAL_UART_MspInit
                0x0000000008001218       0xcc ./Core/Src/stm32h7xx_hal_msp.o
                0x0000000008001218                HAL_UART_MspInit
 .text.HAL_InitTick
                0x00000000080012e4       0xc0 ./Core/Src/stm32h7xx_hal_timebase_tim.o
                0x00000000080012e4                HAL_InitTick
 .text.NMI_Handler
                0x00000000080013a4        0x6 ./Core/Src/stm32h7xx_it.o
                0x00000000080013a4                NMI_Handler
 .text.HardFault_Handler
                0x00000000080013aa        0x6 ./Core/Src/stm32h7xx_it.o
                0x00000000080013aa                HardFault_Handler
 .text.MemManage_Handler
                0x00000000080013b0        0x6 ./Core/Src/stm32h7xx_it.o
                0x00000000080013b0                MemManage_Handler
 .text.BusFault_Handler
                0x00000000080013b6        0x6 ./Core/Src/stm32h7xx_it.o
                0x00000000080013b6                BusFault_Handler
 .text.UsageFault_Handler
                0x00000000080013bc        0x6 ./Core/Src/stm32h7xx_it.o
                0x00000000080013bc                UsageFault_Handler
 .text.DebugMon_Handler
                0x00000000080013c2        0xe ./Core/Src/stm32h7xx_it.o
                0x00000000080013c2                DebugMon_Handler
 .text.EXTI3_IRQHandler
                0x00000000080013d0       0x40 ./Core/Src/stm32h7xx_it.o
                0x00000000080013d0                EXTI3_IRQHandler
 .text.TIM1_UP_IRQHandler
                0x0000000008001410       0x14 ./Core/Src/stm32h7xx_it.o
                0x0000000008001410                TIM1_UP_IRQHandler
 .text._sbrk    0x0000000008001424       0x6c ./Core/Src/sysmem.o
                0x0000000008001424                _sbrk
 .text.uart_monitor
                0x0000000008001490       0xac ./Core/Src/uart_transmit.o
                0x0000000008001490                uart_monitor
 .text.Reset_Handler
                0x000000000800153c       0x50 ./Core/Startup/startup_stm32h747xihx.o
                0x000000000800153c                Reset_Handler
 .text.Default_Handler
                0x000000000800158c        0x2 ./Core/Startup/startup_stm32h747xihx.o
                0x000000000800158c                RTC_Alarm_IRQHandler
                0x000000000800158c                EXTI2_IRQHandler
                0x000000000800158c                TIM8_CC_IRQHandler
                0x000000000800158c                HRTIM1_Master_IRQHandler
                0x000000000800158c                UART8_IRQHandler
                0x000000000800158c                SPI4_IRQHandler
                0x000000000800158c                TIM1_CC_IRQHandler
                0x000000000800158c                BDMA_Channel6_IRQHandler
                0x000000000800158c                DMA2_Stream5_IRQHandler
                0x000000000800158c                HRTIM1_FLT_IRQHandler
                0x000000000800158c                JPEG_IRQHandler
                0x000000000800158c                DMA1_Stream5_IRQHandler
                0x000000000800158c                BDMA_Channel1_IRQHandler
                0x000000000800158c                HRTIM1_TIMD_IRQHandler
                0x000000000800158c                TAMP_STAMP_IRQHandler
                0x000000000800158c                LPTIM4_IRQHandler
                0x000000000800158c                TIM8_TRG_COM_TIM14_IRQHandler
                0x000000000800158c                LPTIM2_IRQHandler
                0x000000000800158c                DFSDM1_FLT1_IRQHandler
                0x000000000800158c                DMAMUX2_OVR_IRQHandler
                0x000000000800158c                TIM8_UP_TIM13_IRQHandler
                0x000000000800158c                I2C3_ER_IRQHandler
                0x000000000800158c                DFSDM1_FLT2_IRQHandler
                0x000000000800158c                MDMA_IRQHandler
                0x000000000800158c                LPTIM3_IRQHandler
                0x000000000800158c                HSEM1_IRQHandler
                0x000000000800158c                EXTI0_IRQHandler
                0x000000000800158c                I2C2_EV_IRQHandler
                0x000000000800158c                DMA1_Stream2_IRQHandler
                0x000000000800158c                FPU_IRQHandler
                0x000000000800158c                OTG_HS_WKUP_IRQHandler
                0x000000000800158c                FDCAN1_IT1_IRQHandler
                0x000000000800158c                LTDC_ER_IRQHandler
                0x000000000800158c                DMA2_Stream2_IRQHandler
                0x000000000800158c                HRTIM1_TIME_IRQHandler
                0x000000000800158c                SPI1_IRQHandler
                0x000000000800158c                TIM6_DAC_IRQHandler
                0x000000000800158c                DCMI_IRQHandler
                0x000000000800158c                HRTIM1_TIMC_IRQHandler
                0x000000000800158c                DMA2_Stream3_IRQHandler
                0x000000000800158c                SAI2_IRQHandler
                0x000000000800158c                DFSDM1_FLT3_IRQHandler
                0x000000000800158c                USART6_IRQHandler
                0x000000000800158c                TIM17_IRQHandler
                0x000000000800158c                USART3_IRQHandler
                0x000000000800158c                BDMA_Channel7_IRQHandler
                0x000000000800158c                LPTIM5_IRQHandler
                0x000000000800158c                UART5_IRQHandler
                0x000000000800158c                ADC3_IRQHandler
                0x000000000800158c                DMA2_Stream0_IRQHandler
                0x000000000800158c                TIM4_IRQHandler
                0x000000000800158c                BDMA_Channel2_IRQHandler
                0x000000000800158c                QUADSPI_IRQHandler
                0x000000000800158c                I2C1_EV_IRQHandler
                0x000000000800158c                DMA1_Stream6_IRQHandler
                0x000000000800158c                DMAMUX1_OVR_IRQHandler
                0x000000000800158c                DMA1_Stream1_IRQHandler
                0x000000000800158c                TIM16_IRQHandler
                0x000000000800158c                UART4_IRQHandler
                0x000000000800158c                BDMA_Channel5_IRQHandler
                0x000000000800158c                TIM3_IRQHandler
                0x000000000800158c                RCC_IRQHandler
                0x000000000800158c                TIM8_BRK_TIM12_IRQHandler
                0x000000000800158c                TIM1_TRG_COM_IRQHandler
                0x000000000800158c                Default_Handler
                0x000000000800158c                ECC_IRQHandler
                0x000000000800158c                CEC_IRQHandler
                0x000000000800158c                EXTI15_10_IRQHandler
                0x000000000800158c                BDMA_Channel0_IRQHandler
                0x000000000800158c                ADC_IRQHandler
                0x000000000800158c                DMA1_Stream7_IRQHandler
                0x000000000800158c                HRTIM1_TIMA_IRQHandler
                0x000000000800158c                SPI5_IRQHandler
                0x000000000800158c                TIM7_IRQHandler
                0x000000000800158c                SDMMC1_IRQHandler
                0x000000000800158c                TIM5_IRQHandler
                0x000000000800158c                DMA2_Stream7_IRQHandler
                0x000000000800158c                TIM15_IRQHandler
                0x000000000800158c                PVD_AVD_IRQHandler
                0x000000000800158c                I2C3_EV_IRQHandler
                0x000000000800158c                EXTI9_5_IRQHandler
                0x000000000800158c                RTC_WKUP_IRQHandler
                0x000000000800158c                LTDC_IRQHandler
                0x000000000800158c                SAI3_IRQHandler
                0x000000000800158c                ETH_WKUP_IRQHandler
                0x000000000800158c                SPDIF_RX_IRQHandler
                0x000000000800158c                SPI2_IRQHandler
                0x000000000800158c                OTG_HS_EP1_IN_IRQHandler
                0x000000000800158c                DMA1_Stream0_IRQHandler
                0x000000000800158c                CRS_IRQHandler
                0x000000000800158c                CM7_SEV_IRQHandler
                0x000000000800158c                EXTI4_IRQHandler
                0x000000000800158c                RNG_IRQHandler
                0x000000000800158c                CM4_SEV_IRQHandler
                0x000000000800158c                HRTIM1_TIMB_IRQHandler
                0x000000000800158c                FDCAN2_IT1_IRQHandler
                0x000000000800158c                DSI_IRQHandler
                0x000000000800158c                ETH_IRQHandler
                0x000000000800158c                WWDG_RST_IRQHandler
                0x000000000800158c                BDMA_Channel4_IRQHandler
                0x000000000800158c                OTG_HS_EP1_OUT_IRQHandler
                0x000000000800158c                WWDG_IRQHandler
                0x000000000800158c                SPI6_IRQHandler
                0x000000000800158c                MDIOS_IRQHandler
                0x000000000800158c                I2C4_EV_IRQHandler
                0x000000000800158c                FDCAN2_IT0_IRQHandler
                0x000000000800158c                LPUART1_IRQHandler
                0x000000000800158c                FDCAN1_IT0_IRQHandler
                0x000000000800158c                TIM2_IRQHandler
                0x000000000800158c                OTG_FS_WKUP_IRQHandler
                0x000000000800158c                OTG_HS_IRQHandler
                0x000000000800158c                HSEM2_IRQHandler
                0x000000000800158c                DMA2D_IRQHandler
                0x000000000800158c                TIM1_BRK_IRQHandler
                0x000000000800158c                EXTI1_IRQHandler
                0x000000000800158c                SDMMC2_IRQHandler
                0x000000000800158c                OTG_FS_EP1_OUT_IRQHandler
                0x000000000800158c                BDMA_Channel3_IRQHandler
                0x000000000800158c                HOLD_CORE_IRQHandler
                0x000000000800158c                UART7_IRQHandler
                0x000000000800158c                MDIOS_WKUP_IRQHandler
                0x000000000800158c                USART2_IRQHandler
                0x000000000800158c                DFSDM1_FLT0_IRQHandler
                0x000000000800158c                SAI4_IRQHandler
                0x000000000800158c                I2C2_ER_IRQHandler
                0x000000000800158c                DMA2_Stream1_IRQHandler
                0x000000000800158c                FLASH_IRQHandler
                0x000000000800158c                DMA2_Stream4_IRQHandler
                0x000000000800158c                USART1_IRQHandler
                0x000000000800158c                OTG_FS_IRQHandler
                0x000000000800158c                SPI3_IRQHandler
                0x000000000800158c                WAKEUP_PIN_IRQHandler
                0x000000000800158c                DMA1_Stream4_IRQHandler
                0x000000000800158c                OTG_FS_EP1_IN_IRQHandler
                0x000000000800158c                I2C1_ER_IRQHandler
                0x000000000800158c                FMC_IRQHandler
                0x000000000800158c                FDCAN_CAL_IRQHandler
                0x000000000800158c                SWPMI1_IRQHandler
                0x000000000800158c                COMP1_IRQHandler
                0x000000000800158c                LPTIM1_IRQHandler
                0x000000000800158c                I2C4_ER_IRQHandler
                0x000000000800158c                DMA2_Stream6_IRQHandler
                0x000000000800158c                SAI1_IRQHandler
                0x000000000800158c                DMA1_Stream3_IRQHandler
 *fill*         0x000000000800158e        0x2 
 .text.HAL_Init
                0x0000000008001590       0x78 ./Drivers/STM32H7xx_HAL_Driver/stm32h7xx_hal.o
                0x0000000008001590                HAL_Init
 .text.HAL_IncTick
                0x0000000008001608       0x28 ./Drivers/STM32H7xx_HAL_Driver/stm32h7xx_hal.o
                0x0000000008001608                HAL_IncTick
 .text.HAL_GetTick
                0x0000000008001630       0x18 ./Drivers/STM32H7xx_HAL_Driver/stm32h7xx_hal.o
                0x0000000008001630                HAL_GetTick
 .text.HAL_GetREVID
                0x0000000008001648       0x18 ./Drivers/STM32H7xx_HAL_Driver/stm32h7xx_hal.o
                0x0000000008001648                HAL_GetREVID
 .text.__NVIC_SetPriorityGrouping
                0x0000000008001660       0x48 ./Drivers/STM32H7xx_HAL_Driver/stm32h7xx_hal_cortex.o
 .text.__NVIC_GetPriorityGrouping
                0x00000000080016a8       0x1c ./Drivers/STM32H7xx_HAL_Driver/stm32h7xx_hal_cortex.o
 .text.__NVIC_EnableIRQ
                0x00000000080016c4       0x3c ./Drivers/STM32H7xx_HAL_Driver/stm32h7xx_hal_cortex.o
 .text.__NVIC_SetPriority
                0x0000000008001700       0x54 ./Drivers/STM32H7xx_HAL_Driver/stm32h7xx_hal_cortex.o
 .text.NVIC_EncodePriority
                0x0000000008001754       0x66 ./Drivers/STM32H7xx_HAL_Driver/stm32h7xx_hal_cortex.o
 .text.HAL_NVIC_SetPriorityGrouping
                0x00000000080017ba       0x16 ./Drivers/STM32H7xx_HAL_Driver/stm32h7xx_hal_cortex.o
                0x00000000080017ba                HAL_NVIC_SetPriorityGrouping
 .text.HAL_NVIC_SetPriority
                0x00000000080017d0       0x34 ./Drivers/STM32H7xx_HAL_Driver/stm32h7xx_hal_cortex.o
                0x00000000080017d0                HAL_NVIC_SetPriority
 .text.HAL_NVIC_EnableIRQ
                0x0000000008001804       0x1c ./Drivers/STM32H7xx_HAL_Driver/stm32h7xx_hal_cortex.o
                0x0000000008001804                HAL_NVIC_EnableIRQ
 .text.HAL_CRC_Init
                0x0000000008001820       0xc8 ./Drivers/STM32H7xx_HAL_Driver/stm32h7xx_hal_crc.o
                0x0000000008001820                HAL_CRC_Init
 .text.HAL_CRCEx_Polynomial_Set
                0x00000000080018e8      0x10c ./Drivers/STM32H7xx_HAL_Driver/stm32h7xx_hal_crc_ex.o
                0x00000000080018e8                HAL_CRCEx_Polynomial_Set
 .text.HAL_GPIO_Init
                0x00000000080019f4      0x360 ./Drivers/STM32H7xx_HAL_Driver/stm32h7xx_hal_gpio.o
                0x00000000080019f4                HAL_GPIO_Init
 .text.HAL_GPIO_ReadPin
                0x0000000008001d54       0x30 ./Drivers/STM32H7xx_HAL_Driver/stm32h7xx_hal_gpio.o
                0x0000000008001d54                HAL_GPIO_ReadPin
 .text.HAL_GPIO_WritePin
                0x0000000008001d84       0x32 ./Drivers/STM32H7xx_HAL_Driver/stm32h7xx_hal_gpio.o
                0x0000000008001d84                HAL_GPIO_WritePin
 .text.HAL_GPIO_TogglePin
                0x0000000008001db6       0x34 ./Drivers/STM32H7xx_HAL_Driver/stm32h7xx_hal_gpio.o
                0x0000000008001db6                HAL_GPIO_TogglePin
 .text.HAL_GPIO_EXTI_IRQHandler
                0x0000000008001dea       0x34 ./Drivers/STM32H7xx_HAL_Driver/stm32h7xx_hal_gpio.o
                0x0000000008001dea                HAL_GPIO_EXTI_IRQHandler
 .text.HAL_GPIO_EXTI_Callback
                0x0000000008001e1e       0x16 ./Drivers/STM32H7xx_HAL_Driver/stm32h7xx_hal_gpio.o
                0x0000000008001e1e                HAL_GPIO_EXTI_Callback
 .text.HAL_HSEM_FastTake
                0x0000000008001e34       0x34 ./Drivers/STM32H7xx_HAL_Driver/stm32h7xx_hal_hsem.o
                0x0000000008001e34                HAL_HSEM_FastTake
 .text.HAL_HSEM_Release
                0x0000000008001e68       0x28 ./Drivers/STM32H7xx_HAL_Driver/stm32h7xx_hal_hsem.o
                0x0000000008001e68                HAL_HSEM_Release
 .text.HAL_I2C_Init
                0x0000000008001e90      0x120 ./Drivers/STM32H7xx_HAL_Driver/stm32h7xx_hal_i2c.o
                0x0000000008001e90                HAL_I2C_Init
 .text.HAL_I2C_Master_Transmit
                0x0000000008001fb0      0x1e8 ./Drivers/STM32H7xx_HAL_Driver/stm32h7xx_hal_i2c.o
                0x0000000008001fb0                HAL_I2C_Master_Transmit
 .text.HAL_I2C_Master_Receive
                0x0000000008002198      0x1ec ./Drivers/STM32H7xx_HAL_Driver/stm32h7xx_hal_i2c.o
                0x0000000008002198                HAL_I2C_Master_Receive
 .text.I2C_Flush_TXDR
                0x0000000008002384       0x48 ./Drivers/STM32H7xx_HAL_Driver/stm32h7xx_hal_i2c.o
 .text.I2C_WaitOnFlagUntilTimeout
                0x00000000080023cc       0x80 ./Drivers/STM32H7xx_HAL_Driver/stm32h7xx_hal_i2c.o
 .text.I2C_WaitOnTXISFlagUntilTimeout
                0x000000000800244c       0x80 ./Drivers/STM32H7xx_HAL_Driver/stm32h7xx_hal_i2c.o
 .text.I2C_WaitOnSTOPFlagUntilTimeout
                0x00000000080024cc       0x78 ./Drivers/STM32H7xx_HAL_Driver/stm32h7xx_hal_i2c.o
 .text.I2C_WaitOnRXNEFlagUntilTimeout
                0x0000000008002544       0xd8 ./Drivers/STM32H7xx_HAL_Driver/stm32h7xx_hal_i2c.o
 .text.I2C_IsAcknowledgeFailed
                0x000000000800261c       0xcc ./Drivers/STM32H7xx_HAL_Driver/stm32h7xx_hal_i2c.o
 .text.I2C_TransferConfig
                0x00000000080026e8       0x5c ./Drivers/STM32H7xx_HAL_Driver/stm32h7xx_hal_i2c.o
 .text.HAL_I2CEx_ConfigAnalogFilter
                0x0000000008002744       0x96 ./Drivers/STM32H7xx_HAL_Driver/stm32h7xx_hal_i2c_ex.o
                0x0000000008002744                HAL_I2CEx_ConfigAnalogFilter
 .text.HAL_I2CEx_ConfigDigitalFilter
                0x00000000080027da       0x98 ./Drivers/STM32H7xx_HAL_Driver/stm32h7xx_hal_i2c_ex.o
                0x00000000080027da                HAL_I2CEx_ConfigDigitalFilter
 *fill*         0x0000000008002872        0x2 
 .text.HAL_PWREx_ConfigSupply
                0x0000000008002874       0xb4 ./Drivers/STM32H7xx_HAL_Driver/stm32h7xx_hal_pwr_ex.o
                0x0000000008002874                HAL_PWREx_ConfigSupply
 .text.HAL_RCC_OscConfig
                0x0000000008002928      0x820 ./Drivers/STM32H7xx_HAL_Driver/stm32h7xx_hal_rcc.o
                0x0000000008002928                HAL_RCC_OscConfig
 .text.HAL_RCC_ClockConfig
                0x0000000008003148      0x36c ./Drivers/STM32H7xx_HAL_Driver/stm32h7xx_hal_rcc.o
                0x0000000008003148                HAL_RCC_ClockConfig
 .text.HAL_RCC_MCOConfig
                0x00000000080034b4       0xd4 ./Drivers/STM32H7xx_HAL_Driver/stm32h7xx_hal_rcc.o
                0x00000000080034b4                HAL_RCC_MCOConfig
 .text.HAL_RCC_GetSysClockFreq
                0x0000000008003588      0x2f4 ./Drivers/STM32H7xx_HAL_Driver/stm32h7xx_hal_rcc.o
                0x0000000008003588                HAL_RCC_GetSysClockFreq
 .text.HAL_RCC_GetHCLKFreq
                0x000000000800387c       0x60 ./Drivers/STM32H7xx_HAL_Driver/stm32h7xx_hal_rcc.o
                0x000000000800387c                HAL_RCC_GetHCLKFreq
 .text.HAL_RCC_GetPCLK1Freq
                0x00000000080038dc       0x2c ./Drivers/STM32H7xx_HAL_Driver/stm32h7xx_hal_rcc.o
                0x00000000080038dc                HAL_RCC_GetPCLK1Freq
 .text.HAL_RCC_GetPCLK2Freq
                0x0000000008003908       0x2c ./Drivers/STM32H7xx_HAL_Driver/stm32h7xx_hal_rcc.o
                0x0000000008003908                HAL_RCC_GetPCLK2Freq
 .text.HAL_RCC_GetClockConfig
                0x0000000008003934       0x84 ./Drivers/STM32H7xx_HAL_Driver/stm32h7xx_hal_rcc.o
                0x0000000008003934                HAL_RCC_GetClockConfig
 .text.HAL_RCCEx_PeriphCLKConfig
                0x00000000080039b8      0xee0 ./Drivers/STM32H7xx_HAL_Driver/stm32h7xx_hal_rcc_ex.o
                0x00000000080039b8                HAL_RCCEx_PeriphCLKConfig
 .text.HAL_RCCEx_GetD3PCLK1Freq
                0x0000000008004898       0x2c ./Drivers/STM32H7xx_HAL_Driver/stm32h7xx_hal_rcc_ex.o
                0x0000000008004898                HAL_RCCEx_GetD3PCLK1Freq
 .text.HAL_RCCEx_GetPLL2ClockFreq
                0x00000000080048c4      0x2a8 ./Drivers/STM32H7xx_HAL_Driver/stm32h7xx_hal_rcc_ex.o
                0x00000000080048c4                HAL_RCCEx_GetPLL2ClockFreq
 .text.HAL_RCCEx_GetPLL3ClockFreq
                0x0000000008004b6c      0x2a8 ./Drivers/STM32H7xx_HAL_Driver/stm32h7xx_hal_rcc_ex.o
                0x0000000008004b6c                HAL_RCCEx_GetPLL3ClockFreq
 .text.RCCEx_PLL2_Config
                0x0000000008004e14      0x164 ./Drivers/STM32H7xx_HAL_Driver/stm32h7xx_hal_rcc_ex.o
 .text.RCCEx_PLL3_Config
                0x0000000008004f78      0x164 ./Drivers/STM32H7xx_HAL_Driver/stm32h7xx_hal_rcc_ex.o
 .text.HAL_TIM_Base_Init
                0x00000000080050dc       0xae ./Drivers/STM32H7xx_HAL_Driver/stm32h7xx_hal_tim.o
                0x00000000080050dc                HAL_TIM_Base_Init
 .text.HAL_TIM_Base_MspInit
                0x000000000800518a       0x14 ./Drivers/STM32H7xx_HAL_Driver/stm32h7xx_hal_tim.o
                0x000000000800518a                HAL_TIM_Base_MspInit
 *fill*         0x000000000800519e        0x2 
 .text.HAL_TIM_Base_Start_IT
                0x00000000080051a0       0xe0 ./Drivers/STM32H7xx_HAL_Driver/stm32h7xx_hal_tim.o
                0x00000000080051a0                HAL_TIM_Base_Start_IT
 .text.HAL_TIM_IRQHandler
                0x0000000008005280      0x23e ./Drivers/STM32H7xx_HAL_Driver/stm32h7xx_hal_tim.o
                0x0000000008005280                HAL_TIM_IRQHandler
 .text.HAL_TIM_OC_DelayElapsedCallback
                0x00000000080054be       0x14 ./Drivers/STM32H7xx_HAL_Driver/stm32h7xx_hal_tim.o
                0x00000000080054be                HAL_TIM_OC_DelayElapsedCallback
 .text.HAL_TIM_IC_CaptureCallback
                0x00000000080054d2       0x14 ./Drivers/STM32H7xx_HAL_Driver/stm32h7xx_hal_tim.o
                0x00000000080054d2                HAL_TIM_IC_CaptureCallback
 .text.HAL_TIM_PWM_PulseFinishedCallback
                0x00000000080054e6       0x14 ./Drivers/STM32H7xx_HAL_Driver/stm32h7xx_hal_tim.o
                0x00000000080054e6                HAL_TIM_PWM_PulseFinishedCallback
 .text.HAL_TIM_TriggerCallback
                0x00000000080054fa       0x14 ./Drivers/STM32H7xx_HAL_Driver/stm32h7xx_hal_tim.o
                0x00000000080054fa                HAL_TIM_TriggerCallback
 *fill*         0x000000000800550e        0x2 
 .text.TIM_Base_SetConfig
                0x0000000008005510      0x134 ./Drivers/STM32H7xx_HAL_Driver/stm32h7xx_hal_tim.o
                0x0000000008005510                TIM_Base_SetConfig
 .text.HAL_TIMEx_CommutCallback
                0x0000000008005644       0x14 ./Drivers/STM32H7xx_HAL_Driver/stm32h7xx_hal_tim_ex.o
                0x0000000008005644                HAL_TIMEx_CommutCallback
 .text.HAL_TIMEx_BreakCallback
                0x0000000008005658       0x14 ./Drivers/STM32H7xx_HAL_Driver/stm32h7xx_hal_tim_ex.o
                0x0000000008005658                HAL_TIMEx_BreakCallback
 .text.HAL_TIMEx_Break2Callback
                0x000000000800566c       0x14 ./Drivers/STM32H7xx_HAL_Driver/stm32h7xx_hal_tim_ex.o
                0x000000000800566c                HAL_TIMEx_Break2Callback
 .text.HAL_UART_Init
                0x0000000008005680       0xa0 ./Drivers/STM32H7xx_HAL_Driver/stm32h7xx_hal_uart.o
                0x0000000008005680                HAL_UART_Init
 .text.HAL_UART_Transmit
                0x0000000008005720      0x12c ./Drivers/STM32H7xx_HAL_Driver/stm32h7xx_hal_uart.o
                0x0000000008005720                HAL_UART_Transmit
 .text.HAL_UART_Receive
                0x000000000800584c      0x1a6 ./Drivers/STM32H7xx_HAL_Driver/stm32h7xx_hal_uart.o
                0x000000000800584c                HAL_UART_Receive
 *fill*         0x00000000080059f2        0x2 
 .text.UART_SetConfig
                0x00000000080059f4      0xac0 ./Drivers/STM32H7xx_HAL_Driver/stm32h7xx_hal_uart.o
                0x00000000080059f4                UART_SetConfig
 .text.UART_AdvFeatureConfig
                0x00000000080064b4      0x144 ./Drivers/STM32H7xx_HAL_Driver/stm32h7xx_hal_uart.o
                0x00000000080064b4                UART_AdvFeatureConfig
 .text.UART_CheckIdleState
                0x00000000080065f8       0x96 ./Drivers/STM32H7xx_HAL_Driver/stm32h7xx_hal_uart.o
                0x00000000080065f8                UART_CheckIdleState
 .text.UART_WaitOnFlagUntilTimeout
                0x000000000800668e      0x100 ./Drivers/STM32H7xx_HAL_Driver/stm32h7xx_hal_uart.o
                0x000000000800668e                UART_WaitOnFlagUntilTimeout
 .text.HAL_UARTEx_DisableFifoMode
                0x000000000800678e       0x72 ./Drivers/STM32H7xx_HAL_Driver/stm32h7xx_hal_uart_ex.o
                0x000000000800678e                HAL_UARTEx_DisableFifoMode
 .text.HAL_UARTEx_SetTxFifoThreshold
                0x0000000008006800       0x7c ./Drivers/STM32H7xx_HAL_Driver/stm32h7xx_hal_uart_ex.o
                0x0000000008006800                HAL_UARTEx_SetTxFifoThreshold
 .text.HAL_UARTEx_SetRxFifoThreshold
                0x000000000800687c       0x7c ./Drivers/STM32H7xx_HAL_Driver/stm32h7xx_hal_uart_ex.o
                0x000000000800687c                HAL_UARTEx_SetRxFifoThreshold
 .text.UARTEx_SetNbDataToProcess
                0x00000000080068f8       0x9c ./Drivers/STM32H7xx_HAL_Driver/stm32h7xx_hal_uart_ex.o
 .text.__NVIC_SetPriority
                0x0000000008006994       0x54 ./Middlewares/Third_Party/FreeRTOS/cmsis_os2.o
 .text.SysTick_Handler
                0x00000000080069e8       0x20 ./Middlewares/Third_Party/FreeRTOS/cmsis_os2.o
                0x00000000080069e8                SysTick_Handler
 .text.SVC_Setup
                0x0000000008006a08       0x12 ./Middlewares/Third_Party/FreeRTOS/cmsis_os2.o
 *fill*         0x0000000008006a1a        0x2 
 .text.osKernelInitialize
                0x0000000008006a1c       0x48 ./Middlewares/Third_Party/FreeRTOS/cmsis_os2.o
                0x0000000008006a1c                osKernelInitialize
 .text.osKernelStart
                0x0000000008006a64       0x4c ./Middlewares/Third_Party/FreeRTOS/cmsis_os2.o
                0x0000000008006a64                osKernelStart
 .text.osThreadNew
                0x0000000008006ab0      0x124 ./Middlewares/Third_Party/FreeRTOS/cmsis_os2.o
                0x0000000008006ab0                osThreadNew
 .text.osDelay  0x0000000008006bd4       0x36 ./Middlewares/Third_Party/FreeRTOS/cmsis_os2.o
                0x0000000008006bd4                osDelay
 .text.osEventFlagsNew
                0x0000000008006c0a       0x7e ./Middlewares/Third_Party/FreeRTOS/cmsis_os2.o
                0x0000000008006c0a                osEventFlagsNew
 .text.osSemaphoreNew
                0x0000000008006c88      0x112 ./Middlewares/Third_Party/FreeRTOS/cmsis_os2.o
                0x0000000008006c88                osSemaphoreNew
 *fill*         0x0000000008006d9a        0x2 
 .text.osSemaphoreRelease
                0x0000000008006d9c       0x88 ./Middlewares/Third_Party/FreeRTOS/cmsis_os2.o
                0x0000000008006d9c                osSemaphoreRelease
 .text.vApplicationGetIdleTaskMemory
                0x0000000008006e24       0x34 ./Middlewares/Third_Party/FreeRTOS/cmsis_os2.o
                0x0000000008006e24                vApplicationGetIdleTaskMemory
 .text.vApplicationGetTimerTaskMemory
                0x0000000008006e58       0x34 ./Middlewares/Third_Party/FreeRTOS/cmsis_os2.o
                0x0000000008006e58                vApplicationGetTimerTaskMemory
 .text.xEventGroupCreateStatic
                0x0000000008006e8c       0x6e ./Middlewares/Third_Party/FreeRTOS/event_groups.o
                0x0000000008006e8c                xEventGroupCreateStatic
 .text.xEventGroupCreate
                0x0000000008006efa       0x34 ./Middlewares/Third_Party/FreeRTOS/event_groups.o
                0x0000000008006efa                xEventGroupCreate
 *fill*         0x0000000008006f2e        0x2 
 .text.pvPortMalloc
                0x0000000008006f30      0x198 ./Middlewares/Third_Party/FreeRTOS/heap_4.o
                0x0000000008006f30                pvPortMalloc
 .text.vPortFree
                0x00000000080070c8       0xc4 ./Middlewares/Third_Party/FreeRTOS/heap_4.o
                0x00000000080070c8                vPortFree
 .text.prvHeapInit
                0x000000000800718c       0xc4 ./Middlewares/Third_Party/FreeRTOS/heap_4.o
 .text.prvInsertBlockIntoFreeList
                0x0000000008007250       0xb4 ./Middlewares/Third_Party/FreeRTOS/heap_4.o
 .text.vListInitialise
                0x0000000008007304       0x40 ./Middlewares/Third_Party/FreeRTOS/list.o
                0x0000000008007304                vListInitialise
 .text.vListInitialiseItem
                0x0000000008007344       0x1a ./Middlewares/Third_Party/FreeRTOS/list.o
                0x0000000008007344                vListInitialiseItem
 .text.vListInsertEnd
                0x000000000800735e       0x48 ./Middlewares/Third_Party/FreeRTOS/list.o
                0x000000000800735e                vListInsertEnd
 .text.vListInsert
                0x00000000080073a6       0x72 ./Middlewares/Third_Party/FreeRTOS/list.o
                0x00000000080073a6                vListInsert
 .text.uxListRemove
                0x0000000008007418       0x54 ./Middlewares/Third_Party/FreeRTOS/list.o
                0x0000000008007418                uxListRemove
 .text.pxPortInitialiseStack
                0x000000000800746c       0x68 ./Middlewares/Third_Party/FreeRTOS/port.o
                0x000000000800746c                pxPortInitialiseStack
 .text.prvTaskExitError
                0x00000000080074d4       0x58 ./Middlewares/Third_Party/FreeRTOS/port.o
 *fill*         0x000000000800752c        0x4 
 .text.SVC_Handler
                0x0000000008007530       0x28 ./Middlewares/Third_Party/FreeRTOS/port.o
                0x0000000008007530                SVC_Handler
 .text.prvPortStartFirstTask
                0x0000000008007558       0x28 ./Middlewares/Third_Party/FreeRTOS/port.o
 .text.xPortStartScheduler
                0x0000000008007580      0x144 ./Middlewares/Third_Party/FreeRTOS/port.o
                0x0000000008007580                xPortStartScheduler
 .text.vPortEnterCritical
                0x00000000080076c4       0x60 ./Middlewares/Third_Party/FreeRTOS/port.o
                0x00000000080076c4                vPortEnterCritical
 .text.vPortExitCritical
                0x0000000008007724       0x54 ./Middlewares/Third_Party/FreeRTOS/port.o
                0x0000000008007724                vPortExitCritical
 *fill*         0x0000000008007778        0x8 
 .text.PendSV_Handler
                0x0000000008007780       0x68 ./Middlewares/Third_Party/FreeRTOS/port.o
                0x0000000008007780                PendSV_Handler
 .text.xPortSysTickHandler
                0x00000000080077e8       0x44 ./Middlewares/Third_Party/FreeRTOS/port.o
                0x00000000080077e8                xPortSysTickHandler
 .text.vPortSetupTimerInterrupt
                0x000000000800782c       0x48 ./Middlewares/Third_Party/FreeRTOS/port.o
                0x000000000800782c                vPortSetupTimerInterrupt
 .text.vPortEnableVFP
                0x0000000008007874       0x14 ./Middlewares/Third_Party/FreeRTOS/port.o
 .text.vPortValidateInterruptPriority
                0x0000000008007888       0x80 ./Middlewares/Third_Party/FreeRTOS/port.o
                0x0000000008007888                vPortValidateInterruptPriority
 .text.xQueueGenericReset
                0x0000000008007908       0xd0 ./Middlewares/Third_Party/FreeRTOS/queue.o
                0x0000000008007908                xQueueGenericReset
 .text.xQueueGenericCreateStatic
                0x00000000080079d8       0xf0 ./Middlewares/Third_Party/FreeRTOS/queue.o
                0x00000000080079d8                xQueueGenericCreateStatic
 .text.xQueueGenericCreate
                0x0000000008007ac8       0x74 ./Middlewares/Third_Party/FreeRTOS/queue.o
                0x0000000008007ac8                xQueueGenericCreate
 .text.prvInitialiseNewQueue
                0x0000000008007b3c       0x46 ./Middlewares/Third_Party/FreeRTOS/queue.o
 .text.xQueueCreateCountingSemaphoreStatic
                0x0000000008007b82       0x6e ./Middlewares/Third_Party/FreeRTOS/queue.o
                0x0000000008007b82                xQueueCreateCountingSemaphoreStatic
 .text.xQueueCreateCountingSemaphore
                0x0000000008007bf0       0x66 ./Middlewares/Third_Party/FreeRTOS/queue.o
                0x0000000008007bf0                xQueueCreateCountingSemaphore
 *fill*         0x0000000008007c56        0x2 
 .text.xQueueGenericSend
                0x0000000008007c58      0x1fc ./Middlewares/Third_Party/FreeRTOS/queue.o
                0x0000000008007c58                xQueueGenericSend
 .text.xQueueGenericSendFromISR
                0x0000000008007e54      0x136 ./Middlewares/Third_Party/FreeRTOS/queue.o
                0x0000000008007e54                xQueueGenericSendFromISR
 .text.xQueueGiveFromISR
                0x0000000008007f8a      0x11a ./Middlewares/Third_Party/FreeRTOS/queue.o
                0x0000000008007f8a                xQueueGiveFromISR
 .text.xQueueReceive
                0x00000000080080a4      0x1c0 ./Middlewares/Third_Party/FreeRTOS/queue.o
                0x00000000080080a4                xQueueReceive
 .text.vQueueDelete
                0x0000000008008264       0x46 ./Middlewares/Third_Party/FreeRTOS/queue.o
                0x0000000008008264                vQueueDelete
 .text.prvCopyDataToQueue
                0x00000000080082aa       0xd4 ./Middlewares/Third_Party/FreeRTOS/queue.o
 .text.prvCopyDataFromQueue
                0x000000000800837e       0x4c ./Middlewares/Third_Party/FreeRTOS/queue.o
 .text.prvUnlockQueue
                0x00000000080083ca       0xa4 ./Middlewares/Third_Party/FreeRTOS/queue.o
 .text.prvIsQueueEmpty
                0x000000000800846e       0x2c ./Middlewares/Third_Party/FreeRTOS/queue.o
 .text.prvIsQueueFull
                0x000000000800849a       0x30 ./Middlewares/Third_Party/FreeRTOS/queue.o
 *fill*         0x00000000080084ca        0x2 
 .text.vQueueAddToRegistry
                0x00000000080084cc       0x54 ./Middlewares/Third_Party/FreeRTOS/queue.o
                0x00000000080084cc                vQueueAddToRegistry
 .text.vQueueUnregisterQueue
                0x0000000008008520       0x54 ./Middlewares/Third_Party/FreeRTOS/queue.o
                0x0000000008008520                vQueueUnregisterQueue
 .text.vQueueWaitForMessageRestricted
                0x0000000008008574       0x68 ./Middlewares/Third_Party/FreeRTOS/queue.o
                0x0000000008008574                vQueueWaitForMessageRestricted
 .text.xTaskCreateStatic
                0x00000000080085dc       0xba ./Middlewares/Third_Party/FreeRTOS/tasks.o
                0x00000000080085dc                xTaskCreateStatic
 .text.xTaskCreate
                0x0000000008008696       0x8a ./Middlewares/Third_Party/FreeRTOS/tasks.o
                0x0000000008008696                xTaskCreate
 .text.prvInitialiseNewTask
                0x0000000008008720      0x14c ./Middlewares/Third_Party/FreeRTOS/tasks.o
 .text.prvAddNewTaskToReadyList
                0x000000000800886c       0xe0 ./Middlewares/Third_Party/FreeRTOS/tasks.o
 .text.vTaskDelay
                0x000000000800894c       0x68 ./Middlewares/Third_Party/FreeRTOS/tasks.o
                0x000000000800894c                vTaskDelay
 .text.vTaskStartScheduler
                0x00000000080089b4       0xe0 ./Middlewares/Third_Party/FreeRTOS/tasks.o
                0x00000000080089b4                vTaskStartScheduler
 .text.vTaskSuspendAll
                0x0000000008008a94       0x1c ./Middlewares/Third_Party/FreeRTOS/tasks.o
                0x0000000008008a94                vTaskSuspendAll
 .text.xTaskResumeAll
                0x0000000008008ab0      0x13c ./Middlewares/Third_Party/FreeRTOS/tasks.o
                0x0000000008008ab0                xTaskResumeAll
 .text.xTaskGetTickCount
                0x0000000008008bec       0x20 ./Middlewares/Third_Party/FreeRTOS/tasks.o
                0x0000000008008bec                xTaskGetTickCount
 .text.xTaskIncrementTick
                0x0000000008008c0c      0x174 ./Middlewares/Third_Party/FreeRTOS/tasks.o
                0x0000000008008c0c                xTaskIncrementTick
 .text.vTaskSwitchContext
                0x0000000008008d80       0xc8 ./Middlewares/Third_Party/FreeRTOS/tasks.o
                0x0000000008008d80                vTaskSwitchContext
 .text.vTaskPlaceOnEventList
                0x0000000008008e48       0x48 ./Middlewares/Third_Party/FreeRTOS/tasks.o
                0x0000000008008e48                vTaskPlaceOnEventList
 .text.vTaskPlaceOnEventListRestricted
                0x0000000008008e90       0x58 ./Middlewares/Third_Party/FreeRTOS/tasks.o
                0x0000000008008e90                vTaskPlaceOnEventListRestricted
 .text.xTaskRemoveFromEventList
                0x0000000008008ee8       0xc8 ./Middlewares/Third_Party/FreeRTOS/tasks.o
                0x0000000008008ee8                xTaskRemoveFromEventList
 .text.vTaskInternalSetTimeOutState
                0x0000000008008fb0       0x2c ./Middlewares/Third_Party/FreeRTOS/tasks.o
                0x0000000008008fb0                vTaskInternalSetTimeOutState
 .text.xTaskCheckForTimeOut
                0x0000000008008fdc       0xc4 ./Middlewares/Third_Party/FreeRTOS/tasks.o
                0x0000000008008fdc                xTaskCheckForTimeOut
 .text.vTaskMissedYield
                0x00000000080090a0       0x18 ./Middlewares/Third_Party/FreeRTOS/tasks.o
                0x00000000080090a0                vTaskMissedYield
 .text.prvIdleTask
                0x00000000080090b8       0x30 ./Middlewares/Third_Party/FreeRTOS/tasks.o
 .text.prvInitialiseTaskLists
                0x00000000080090e8       0x80 ./Middlewares/Third_Party/FreeRTOS/tasks.o
 .text.prvCheckTasksWaitingTermination
                0x0000000008009168       0x5c ./Middlewares/Third_Party/FreeRTOS/tasks.o
 .text.prvDeleteTCB
                0x00000000080091c4       0x68 ./Middlewares/Third_Party/FreeRTOS/tasks.o
 .text.prvResetNextTaskUnblockTime
                0x000000000800922c       0x40 ./Middlewares/Third_Party/FreeRTOS/tasks.o
 .text.xTaskGetSchedulerState
                0x000000000800926c       0x3c ./Middlewares/Third_Party/FreeRTOS/tasks.o
                0x000000000800926c                xTaskGetSchedulerState
 .text.xTaskPriorityDisinherit
                0x00000000080092a8       0xdc ./Middlewares/Third_Party/FreeRTOS/tasks.o
                0x00000000080092a8                xTaskPriorityDisinherit
 .text.prvAddCurrentTaskToDelayedList
                0x0000000008009384       0xa8 ./Middlewares/Third_Party/FreeRTOS/tasks.o
 .text.xTimerCreateTimerTask
                0x000000000800942c       0x90 ./Middlewares/Third_Party/FreeRTOS/timers.o
                0x000000000800942c                xTimerCreateTimerTask
 .text.xTimerGenericCommand
                0x00000000080094bc       0x9c ./Middlewares/Third_Party/FreeRTOS/timers.o
                0x00000000080094bc                xTimerGenericCommand
 .text.prvProcessExpiredTimer
                0x0000000008009558       0x98 ./Middlewares/Third_Party/FreeRTOS/timers.o
 .text.prvTimerTask
                0x00000000080095f0       0x24 ./Middlewares/Third_Party/FreeRTOS/timers.o
 .text.prvProcessTimerOrBlockTask
                0x0000000008009614       0x9c ./Middlewares/Third_Party/FreeRTOS/timers.o
 .text.prvGetNextExpireTime
                0x00000000080096b0       0x48 ./Middlewares/Third_Party/FreeRTOS/timers.o
 .text.prvSampleTimeNow
                0x00000000080096f8       0x40 ./Middlewares/Third_Party/FreeRTOS/timers.o
 .text.prvInsertTimerInActiveList
                0x0000000008009738       0x84 ./Middlewares/Third_Party/FreeRTOS/timers.o
 .text.prvProcessReceivedCommands
                0x00000000080097bc      0x1c4 ./Middlewares/Third_Party/FreeRTOS/timers.o
 .text.prvSwitchTimerLists
                0x0000000008009980       0xc8 ./Middlewares/Third_Party/FreeRTOS/timers.o
 .text.prvCheckForValidListAndQueue
                0x0000000008009a48       0x80 ./Middlewares/Third_Party/FreeRTOS/timers.o
 .text.checkint
                0x0000000008009ac8       0x6a d:/stm32cubeide_1.8.0/stm32cubeide/plugins/com.st.stm32cube.ide.mcu.externaltools.gnu-tools-for-stm32.9-2020-q2-update.win32_2.0.0.202105311346/tools/bin/../lib/gcc/arm-none-eabi/9.3.1/../../../../arm-none-eabi/lib/thumb/v7e-m+dp/hard\libm.a(lib_a-pow.o)
 *fill*         0x0000000008009b32        0x6 
 .text.pow      0x0000000008009b38      0x584 d:/stm32cubeide_1.8.0/stm32cubeide/plugins/com.st.stm32cube.ide.mcu.externaltools.gnu-tools-for-stm32.9-2020-q2-update.win32_2.0.0.202105311346/tools/bin/../lib/gcc/arm-none-eabi/9.3.1/../../../../arm-none-eabi/lib/thumb/v7e-m+dp/hard\libm.a(lib_a-pow.o)
                0x0000000008009b38                pow
 .text.with_errno
                0x000000000800a0bc       0x16 d:/stm32cubeide_1.8.0/stm32cubeide/plugins/com.st.stm32cube.ide.mcu.externaltools.gnu-tools-for-stm32.9-2020-q2-update.win32_2.0.0.202105311346/tools/bin/../lib/gcc/arm-none-eabi/9.3.1/../../../../arm-none-eabi/lib/thumb/v7e-m+dp/hard\libm.a(lib_a-math_err.o)
 .text.xflow    0x000000000800a0d2       0x22 d:/stm32cubeide_1.8.0/stm32cubeide/plugins/com.st.stm32cube.ide.mcu.externaltools.gnu-tools-for-stm32.9-2020-q2-update.win32_2.0.0.202105311346/tools/bin/../lib/gcc/arm-none-eabi/9.3.1/../../../../arm-none-eabi/lib/thumb/v7e-m+dp/hard\libm.a(lib_a-math_err.o)
 *fill*         0x000000000800a0f4        0x4 
 .text.__math_uflow
                0x000000000800a0f8       0x10 d:/stm32cubeide_1.8.0/stm32cubeide/plugins/com.st.stm32cube.ide.mcu.externaltools.gnu-tools-for-stm32.9-2020-q2-update.win32_2.0.0.202105311346/tools/bin/../lib/gcc/arm-none-eabi/9.3.1/../../../../arm-none-eabi/lib/thumb/v7e-m+dp/hard\libm.a(lib_a-math_err.o)
                0x000000000800a0f8                __math_uflow
 .text.__math_oflow
                0x000000000800a108       0x10 d:/stm32cubeide_1.8.0/stm32cubeide/plugins/com.st.stm32cube.ide.mcu.externaltools.gnu-tools-for-stm32.9-2020-q2-update.win32_2.0.0.202105311346/tools/bin/../lib/gcc/arm-none-eabi/9.3.1/../../../../arm-none-eabi/lib/thumb/v7e-m+dp/hard\libm.a(lib_a-math_err.o)
                0x000000000800a108                __math_oflow
 .text.__math_divzero
                0x000000000800a118       0x30 d:/stm32cubeide_1.8.0/stm32cubeide/plugins/com.st.stm32cube.ide.mcu.externaltools.gnu-tools-for-stm32.9-2020-q2-update.win32_2.0.0.202105311346/tools/bin/../lib/gcc/arm-none-eabi/9.3.1/../../../../arm-none-eabi/lib/thumb/v7e-m+dp/hard\libm.a(lib_a-math_err.o)
                0x000000000800a118                __math_divzero
 .text.__math_invalid
                0x000000000800a148       0x1e d:/stm32cubeide_1.8.0/stm32cubeide/plugins/com.st.stm32cube.ide.mcu.externaltools.gnu-tools-for-stm32.9-2020-q2-update.win32_2.0.0.202105311346/tools/bin/../lib/gcc/arm-none-eabi/9.3.1/../../../../arm-none-eabi/lib/thumb/v7e-m+dp/hard\libm.a(lib_a-math_err.o)
                0x000000000800a148                __math_invalid
 .text.__math_check_uflow
                0x000000000800a166       0x12 d:/stm32cubeide_1.8.0/stm32cubeide/plugins/com.st.stm32cube.ide.mcu.externaltools.gnu-tools-for-stm32.9-2020-q2-update.win32_2.0.0.202105311346/tools/bin/../lib/gcc/arm-none-eabi/9.3.1/../../../../arm-none-eabi/lib/thumb/v7e-m+dp/hard\libm.a(lib_a-math_err.o)
                0x000000000800a166                __math_check_uflow
 .text.__math_check_oflow
                0x000000000800a178       0x28 d:/stm32cubeide_1.8.0/stm32cubeide/plugins/com.st.stm32cube.ide.mcu.externaltools.gnu-tools-for-stm32.9-2020-q2-update.win32_2.0.0.202105311346/tools/bin/../lib/gcc/arm-none-eabi/9.3.1/../../../../arm-none-eabi/lib/thumb/v7e-m+dp/hard\libm.a(lib_a-math_err.o)
                0x000000000800a178                __math_check_oflow
 .text.__errno  0x000000000800a1a0        0xc d:/stm32cubeide_1.8.0/stm32cubeide/plugins/com.st.stm32cube.ide.mcu.externaltools.gnu-tools-for-stm32.9-2020-q2-update.win32_2.0.0.202105311346/tools/bin/../lib/gcc/arm-none-eabi/9.3.1/../../../../arm-none-eabi/lib/thumb/v7e-m+dp/hard\libc_nano.a(lib_a-errno.o)
                0x000000000800a1a0                __errno
 .text.__libc_init_array
                0x000000000800a1ac       0x48 d:/stm32cubeide_1.8.0/stm32cubeide/plugins/com.st.stm32cube.ide.mcu.externaltools.gnu-tools-for-stm32.9-2020-q2-update.win32_2.0.0.202105311346/tools/bin/../lib/gcc/arm-none-eabi/9.3.1/../../../../arm-none-eabi/lib/thumb/v7e-m+dp/hard\libc_nano.a(lib_a-init.o)
                0x000000000800a1ac                __libc_init_array
 .text.__retarget_lock_acquire_recursive
                0x000000000800a1f4        0x2 d:/stm32cubeide_1.8.0/stm32cubeide/plugins/com.st.stm32cube.ide.mcu.externaltools.gnu-tools-for-stm32.9-2020-q2-update.win32_2.0.0.202105311346/tools/bin/../lib/gcc/arm-none-eabi/9.3.1/../../../../arm-none-eabi/lib/thumb/v7e-m+dp/hard\libc_nano.a(lib_a-lock.o)
                0x000000000800a1f4                __retarget_lock_acquire_recursive
 .text.__retarget_lock_release_recursive
                0x000000000800a1f6        0x2 d:/stm32cubeide_1.8.0/stm32cubeide/plugins/com.st.stm32cube.ide.mcu.externaltools.gnu-tools-for-stm32.9-2020-q2-update.win32_2.0.0.202105311346/tools/bin/../lib/gcc/arm-none-eabi/9.3.1/../../../../arm-none-eabi/lib/thumb/v7e-m+dp/hard\libc_nano.a(lib_a-lock.o)
                0x000000000800a1f6                __retarget_lock_release_recursive
 .text.malloc   0x000000000800a1f8       0x10 d:/stm32cubeide_1.8.0/stm32cubeide/plugins/com.st.stm32cube.ide.mcu.externaltools.gnu-tools-for-stm32.9-2020-q2-update.win32_2.0.0.202105311346/tools/bin/../lib/gcc/arm-none-eabi/9.3.1/../../../../arm-none-eabi/lib/thumb/v7e-m+dp/hard\libc_nano.a(lib_a-malloc.o)
                0x000000000800a1f8                malloc
 .text.memcpy   0x000000000800a208       0x1c d:/stm32cubeide_1.8.0/stm32cubeide/plugins/com.st.stm32cube.ide.mcu.externaltools.gnu-tools-for-stm32.9-2020-q2-update.win32_2.0.0.202105311346/tools/bin/../lib/gcc/arm-none-eabi/9.3.1/../../../../arm-none-eabi/lib/thumb/v7e-m+dp/hard\libc_nano.a(lib_a-memcpy-stub.o)
                0x000000000800a208                memcpy
 .text.memset   0x000000000800a224       0x10 d:/stm32cubeide_1.8.0/stm32cubeide/plugins/com.st.stm32cube.ide.mcu.externaltools.gnu-tools-for-stm32.9-2020-q2-update.win32_2.0.0.202105311346/tools/bin/../lib/gcc/arm-none-eabi/9.3.1/../../../../arm-none-eabi/lib/thumb/v7e-m+dp/hard\libc_nano.a(lib_a-memset.o)
                0x000000000800a224                memset
 .text._free_r  0x000000000800a234       0xa0 d:/stm32cubeide_1.8.0/stm32cubeide/plugins/com.st.stm32cube.ide.mcu.externaltools.gnu-tools-for-stm32.9-2020-q2-update.win32_2.0.0.202105311346/tools/bin/../lib/gcc/arm-none-eabi/9.3.1/../../../../arm-none-eabi/lib/thumb/v7e-m+dp/hard\libc_nano.a(lib_a-nano-freer.o)
                0x000000000800a234                _free_r
 .text._malloc_r
                0x000000000800a2d4       0xb4 d:/stm32cubeide_1.8.0/stm32cubeide/plugins/com.st.stm32cube.ide.mcu.externaltools.gnu-tools-for-stm32.9-2020-q2-update.win32_2.0.0.202105311346/tools/bin/../lib/gcc/arm-none-eabi/9.3.1/../../../../arm-none-eabi/lib/thumb/v7e-m+dp/hard\libc_nano.a(lib_a-nano-mallocr.o)
                0x000000000800a2d4                _malloc_r
 .text.cleanup_glue
                0x000000000800a388       0x1a d:/stm32cubeide_1.8.0/stm32cubeide/plugins/com.st.stm32cube.ide.mcu.externaltools.gnu-tools-for-stm32.9-2020-q2-update.win32_2.0.0.202105311346/tools/bin/../lib/gcc/arm-none-eabi/9.3.1/../../../../arm-none-eabi/lib/thumb/v7e-m+dp/hard\libc_nano.a(lib_a-reent.o)
                0x000000000800a388                cleanup_glue
 *fill*         0x000000000800a3a2        0x2 
 .text._reclaim_reent
                0x000000000800a3a4       0xb8 d:/stm32cubeide_1.8.0/stm32cubeide/plugins/com.st.stm32cube.ide.mcu.externaltools.gnu-tools-for-stm32.9-2020-q2-update.win32_2.0.0.202105311346/tools/bin/../lib/gcc/arm-none-eabi/9.3.1/../../../../arm-none-eabi/lib/thumb/v7e-m+dp/hard\libc_nano.a(lib_a-reent.o)
                0x000000000800a3a4                _reclaim_reent
 .text._sbrk_r  0x000000000800a45c       0x20 d:/stm32cubeide_1.8.0/stm32cubeide/plugins/com.st.stm32cube.ide.mcu.externaltools.gnu-tools-for-stm32.9-2020-q2-update.win32_2.0.0.202105311346/tools/bin/../lib/gcc/arm-none-eabi/9.3.1/../../../../arm-none-eabi/lib/thumb/v7e-m+dp/hard\libc_nano.a(lib_a-sbrkr.o)
                0x000000000800a45c                _sbrk_r
 .text.__malloc_lock
                0x000000000800a47c        0xc d:/stm32cubeide_1.8.0/stm32cubeide/plugins/com.st.stm32cube.ide.mcu.externaltools.gnu-tools-for-stm32.9-2020-q2-update.win32_2.0.0.202105311346/tools/bin/../lib/gcc/arm-none-eabi/9.3.1/../../../../arm-none-eabi/lib/thumb/v7e-m+dp/hard\libc_nano.a(lib_a-mlock.o)
                0x000000000800a47c                __malloc_lock
 .text.__malloc_unlock
                0x000000000800a488        0xc d:/stm32cubeide_1.8.0/stm32cubeide/plugins/com.st.stm32cube.ide.mcu.externaltools.gnu-tools-for-stm32.9-2020-q2-update.win32_2.0.0.202105311346/tools/bin/../lib/gcc/arm-none-eabi/9.3.1/../../../../arm-none-eabi/lib/thumb/v7e-m+dp/hard\libc_nano.a(lib_a-mlock.o)
                0x000000000800a488                __malloc_unlock
 *(.glue_7)
 .glue_7        0x000000000800a494        0x0 linker stubs
 *(.glue_7t)
 .glue_7t       0x000000000800a494        0x0 linker stubs
 *(.eh_frame)
 .eh_frame      0x000000000800a494        0x0 d:/stm32cubeide_1.8.0/stm32cubeide/plugins/com.st.stm32cube.ide.mcu.externaltools.gnu-tools-for-stm32.9-2020-q2-update.win32_2.0.0.202105311346/tools/bin/../lib/gcc/arm-none-eabi/9.3.1/thumb/v7e-m+dp/hard/crtbegin.o
 *(.init)
 .init          0x000000000800a494        0x4 d:/stm32cubeide_1.8.0/stm32cubeide/plugins/com.st.stm32cube.ide.mcu.externaltools.gnu-tools-for-stm32.9-2020-q2-update.win32_2.0.0.202105311346/tools/bin/../lib/gcc/arm-none-eabi/9.3.1/thumb/v7e-m+dp/hard/crti.o
                0x000000000800a494                _init
 .init          0x000000000800a498        0x8 d:/stm32cubeide_1.8.0/stm32cubeide/plugins/com.st.stm32cube.ide.mcu.externaltools.gnu-tools-for-stm32.9-2020-q2-update.win32_2.0.0.202105311346/tools/bin/../lib/gcc/arm-none-eabi/9.3.1/thumb/v7e-m+dp/hard/crtn.o
 *(.fini)
 .fini          0x000000000800a4a0        0x4 d:/stm32cubeide_1.8.0/stm32cubeide/plugins/com.st.stm32cube.ide.mcu.externaltools.gnu-tools-for-stm32.9-2020-q2-update.win32_2.0.0.202105311346/tools/bin/../lib/gcc/arm-none-eabi/9.3.1/thumb/v7e-m+dp/hard/crti.o
                0x000000000800a4a0                _fini
 .fini          0x000000000800a4a4        0x8 d:/stm32cubeide_1.8.0/stm32cubeide/plugins/com.st.stm32cube.ide.mcu.externaltools.gnu-tools-for-stm32.9-2020-q2-update.win32_2.0.0.202105311346/tools/bin/../lib/gcc/arm-none-eabi/9.3.1/thumb/v7e-m+dp/hard/crtn.o
                0x000000000800a4ac                . = ALIGN (0x4)
                0x000000000800a4ac                _etext = .

.vfp11_veneer   0x000000000800a4ac        0x0
 .vfp11_veneer  0x000000000800a4ac        0x0 linker stubs

.v4_bx          0x000000000800a4ac        0x0
 .v4_bx         0x000000000800a4ac        0x0 linker stubs

.iplt           0x000000000800a4ac        0x0
 .iplt          0x000000000800a4ac        0x0 d:/stm32cubeide_1.8.0/stm32cubeide/plugins/com.st.stm32cube.ide.mcu.externaltools.gnu-tools-for-stm32.9-2020-q2-update.win32_2.0.0.202105311346/tools/bin/../lib/gcc/arm-none-eabi/9.3.1/thumb/v7e-m+dp/hard/crtbegin.o

.rodata         0x000000000800a4b0     0x1a40
                0x000000000800a4b0                . = ALIGN (0x4)
 *(.rodata)
 .rodata        0x000000000800a4b0       0x74 ./Core/Src/main.o
 .rodata        0x000000000800a524        0x5 ./Middlewares/Third_Party/FreeRTOS/tasks.o
 *fill*         0x000000000800a529        0x3 
 .rodata        0x000000000800a52c        0xd ./Middlewares/Third_Party/FreeRTOS/timers.o
 *(.rodata*)
 *fill*         0x000000000800a539        0x3 
 .rodata.D1CorePrescTable
                0x000000000800a53c       0x10 ./Common/Src/system_stm32h7xx_dualcore_boot_cm4_cm7.o
                0x000000000800a53c                D1CorePrescTable
 .rodata.defaultTask_attributes
                0x000000000800a54c       0x24 ./Core/Src/main.o
                0x000000000800a54c                defaultTask_attributes
 .rodata.KeyPress_Sema_FromISR_attributes
                0x000000000800a570       0x10 ./Core/Src/main.o
                0x000000000800a570                KeyPress_Sema_FromISR_attributes
 .rodata.Key_Sema_AfterShake_attributes
                0x000000000800a580       0x10 ./Core/Src/main.o
                0x000000000800a580                Key_Sema_AfterShake_attributes
 .rodata.KeyRelease_Sema_FromISR_attributes
                0x000000000800a590       0x10 ./Core/Src/main.o
                0x000000000800a590                KeyRelease_Sema_FromISR_attributes
 .rodata.key_pk3_attributes
                0x000000000800a5a0       0x10 ./Core/Src/main.o
                0x000000000800a5a0                key_pk3_attributes
 .rodata.UARTPrescTable
                0x000000000800a5b0       0x18 ./Drivers/STM32H7xx_HAL_Driver/stm32h7xx_hal_uart.o
                0x000000000800a5b0                UARTPrescTable
 .rodata.numerator.11192
                0x000000000800a5c8        0x8 ./Drivers/STM32H7xx_HAL_Driver/stm32h7xx_hal_uart_ex.o
 .rodata.denominator.11193
                0x000000000800a5d0        0x8 ./Drivers/STM32H7xx_HAL_Driver/stm32h7xx_hal_uart_ex.o
 .rodata.__pow_log_data
                0x000000000800a5d8     0x1048 d:/stm32cubeide_1.8.0/stm32cubeide/plugins/com.st.stm32cube.ide.mcu.externaltools.gnu-tools-for-stm32.9-2020-q2-update.win32_2.0.0.202105311346/tools/bin/../lib/gcc/arm-none-eabi/9.3.1/../../../../arm-none-eabi/lib/thumb/v7e-m+dp/hard\libm.a(lib_a-pow_log_data.o)
                0x000000000800a5d8                __pow_log_data
 .rodata.__exp_data
                0x000000000800b620      0x870 d:/stm32cubeide_1.8.0/stm32cubeide/plugins/com.st.stm32cube.ide.mcu.externaltools.gnu-tools-for-stm32.9-2020-q2-update.win32_2.0.0.202105311346/tools/bin/../lib/gcc/arm-none-eabi/9.3.1/../../../../arm-none-eabi/lib/thumb/v7e-m+dp/hard\libm.a(lib_a-exp_data.o)
                0x000000000800b620                __exp_data
 .rodata.__sf_fake_stderr
                0x000000000800be90       0x20 d:/stm32cubeide_1.8.0/stm32cubeide/plugins/com.st.stm32cube.ide.mcu.externaltools.gnu-tools-for-stm32.9-2020-q2-update.win32_2.0.0.202105311346/tools/bin/../lib/gcc/arm-none-eabi/9.3.1/../../../../arm-none-eabi/lib/thumb/v7e-m+dp/hard\libc_nano.a(lib_a-findfp.o)
                0x000000000800be90                __sf_fake_stderr
 .rodata.__sf_fake_stdin
                0x000000000800beb0       0x20 d:/stm32cubeide_1.8.0/stm32cubeide/plugins/com.st.stm32cube.ide.mcu.externaltools.gnu-tools-for-stm32.9-2020-q2-update.win32_2.0.0.202105311346/tools/bin/../lib/gcc/arm-none-eabi/9.3.1/../../../../arm-none-eabi/lib/thumb/v7e-m+dp/hard\libc_nano.a(lib_a-findfp.o)
                0x000000000800beb0                __sf_fake_stdin
 .rodata.__sf_fake_stdout
                0x000000000800bed0       0x20 d:/stm32cubeide_1.8.0/stm32cubeide/plugins/com.st.stm32cube.ide.mcu.externaltools.gnu-tools-for-stm32.9-2020-q2-update.win32_2.0.0.202105311346/tools/bin/../lib/gcc/arm-none-eabi/9.3.1/../../../../arm-none-eabi/lib/thumb/v7e-m+dp/hard\libc_nano.a(lib_a-findfp.o)
                0x000000000800bed0                __sf_fake_stdout
                0x000000000800bef0                . = ALIGN (0x4)

.ARM.extab      0x000000000800bef0        0x0
                0x000000000800bef0                . = ALIGN (0x4)
 *(.ARM.extab* .gnu.linkonce.armextab.*)
                0x000000000800bef0                . = ALIGN (0x4)

.ARM            0x000000000800bef0        0x8
                0x000000000800bef0                . = ALIGN (0x4)
                0x000000000800bef0                __exidx_start = .
 *(.ARM.exidx*)
 .ARM.exidx     0x000000000800bef0        0x8 d:/stm32cubeide_1.8.0/stm32cubeide/plugins/com.st.stm32cube.ide.mcu.externaltools.gnu-tools-for-stm32.9-2020-q2-update.win32_2.0.0.202105311346/tools/bin/../lib/gcc/arm-none-eabi/9.3.1/thumb/v7e-m+dp/hard\libgcc.a(_udivmoddi4.o)
                0x000000000800bef8                __exidx_end = .
                0x000000000800bef8                . = ALIGN (0x4)

.rel.dyn        0x000000000800bef8        0x0
 .rel.iplt      0x000000000800bef8        0x0 d:/stm32cubeide_1.8.0/stm32cubeide/plugins/com.st.stm32cube.ide.mcu.externaltools.gnu-tools-for-stm32.9-2020-q2-update.win32_2.0.0.202105311346/tools/bin/../lib/gcc/arm-none-eabi/9.3.1/thumb/v7e-m+dp/hard/crtbegin.o

.preinit_array  0x000000000800bef8        0x0
                0x000000000800bef8                . = ALIGN (0x4)
                0x000000000800bef8                PROVIDE (__preinit_array_start = .)
 *(.preinit_array*)
                0x000000000800bef8                PROVIDE (__preinit_array_end = .)
                0x000000000800bef8                . = ALIGN (0x4)

.init_array     0x000000000800bef8        0x4
                0x000000000800bef8                . = ALIGN (0x4)
                0x000000000800bef8                PROVIDE (__init_array_start = .)
 *(SORT_BY_NAME(.init_array.*))
 *(.init_array*)
 .init_array    0x000000000800bef8        0x4 d:/stm32cubeide_1.8.0/stm32cubeide/plugins/com.st.stm32cube.ide.mcu.externaltools.gnu-tools-for-stm32.9-2020-q2-update.win32_2.0.0.202105311346/tools/bin/../lib/gcc/arm-none-eabi/9.3.1/thumb/v7e-m+dp/hard/crtbegin.o
                0x000000000800befc                PROVIDE (__init_array_end = .)
                0x000000000800befc                . = ALIGN (0x4)

.fini_array     0x000000000800befc        0x4
                0x000000000800befc                . = ALIGN (0x4)
                [!provide]                        PROVIDE (__fini_array_start = .)
 *(SORT_BY_NAME(.fini_array.*))
 *(.fini_array*)
 .fini_array    0x000000000800befc        0x4 d:/stm32cubeide_1.8.0/stm32cubeide/plugins/com.st.stm32cube.ide.mcu.externaltools.gnu-tools-for-stm32.9-2020-q2-update.win32_2.0.0.202105311346/tools/bin/../lib/gcc/arm-none-eabi/9.3.1/thumb/v7e-m+dp/hard/crtbegin.o
                [!provide]                        PROVIDE (__fini_array_end = .)
                0x000000000800bf00                . = ALIGN (0x4)
                0x000000000800bf00                _sidata = LOADADDR (.data)

.data           0x0000000024000000       0x78 load address 0x000000000800bf00
                0x0000000024000000                . = ALIGN (0x4)
                0x0000000024000000                _sdata = .
 *(.data)
 *(.data*)
 .data.SystemCoreClock
                0x0000000024000000        0x4 ./Common/Src/system_stm32h7xx_dualcore_boot_cm4_cm7.o
                0x0000000024000000                SystemCoreClock
 .data.SystemD2Clock
                0x0000000024000004        0x4 ./Common/Src/system_stm32h7xx_dualcore_boot_cm4_cm7.o
                0x0000000024000004                SystemD2Clock
 .data.uwTickPrio
                0x0000000024000008        0x4 ./Drivers/STM32H7xx_HAL_Driver/stm32h7xx_hal.o
                0x0000000024000008                uwTickPrio
 .data.uwTickFreq
                0x000000002400000c        0x1 ./Drivers/STM32H7xx_HAL_Driver/stm32h7xx_hal.o
                0x000000002400000c                uwTickFreq
 *fill*         0x000000002400000d        0x3 
 .data.uxCriticalNesting
                0x0000000024000010        0x4 ./Middlewares/Third_Party/FreeRTOS/port.o
 .data._impure_ptr
                0x0000000024000014        0x4 d:/stm32cubeide_1.8.0/stm32cubeide/plugins/com.st.stm32cube.ide.mcu.externaltools.gnu-tools-for-stm32.9-2020-q2-update.win32_2.0.0.202105311346/tools/bin/../lib/gcc/arm-none-eabi/9.3.1/../../../../arm-none-eabi/lib/thumb/v7e-m+dp/hard\libc_nano.a(lib_a-impure.o)
                0x0000000024000014                _impure_ptr
 .data.impure_data
                0x0000000024000018       0x60 d:/stm32cubeide_1.8.0/stm32cubeide/plugins/com.st.stm32cube.ide.mcu.externaltools.gnu-tools-for-stm32.9-2020-q2-update.win32_2.0.0.202105311346/tools/bin/../lib/gcc/arm-none-eabi/9.3.1/../../../../arm-none-eabi/lib/thumb/v7e-m+dp/hard\libc_nano.a(lib_a-impure.o)
 *(.RamFunc)
 *(.RamFunc*)
                0x0000000024000078                . = ALIGN (0x4)
                0x0000000024000078                _edata = .

.igot.plt       0x0000000024000078        0x0 load address 0x000000000800bf78
 .igot.plt      0x0000000024000078        0x0 d:/stm32cubeide_1.8.0/stm32cubeide/plugins/com.st.stm32cube.ide.mcu.externaltools.gnu-tools-for-stm32.9-2020-q2-update.win32_2.0.0.202105311346/tools/bin/../lib/gcc/arm-none-eabi/9.3.1/thumb/v7e-m+dp/hard/crtbegin.o
                0x0000000024000078                . = ALIGN (0x4)

.bss            0x0000000024000078     0x4c08 load address 0x000000000800bf78
                0x0000000024000078                _sbss = .
                0x0000000024000078                __bss_start__ = _sbss
 *(.bss)
 .bss           0x0000000024000078       0x1c d:/stm32cubeide_1.8.0/stm32cubeide/plugins/com.st.stm32cube.ide.mcu.externaltools.gnu-tools-for-stm32.9-2020-q2-update.win32_2.0.0.202105311346/tools/bin/../lib/gcc/arm-none-eabi/9.3.1/thumb/v7e-m+dp/hard/crtbegin.o
 *(.bss*)
 .bss.__sbrk_heap_end
                0x0000000024000094        0x4 ./Core/Src/sysmem.o
 .bss.KernelState
                0x0000000024000098        0x4 ./Middlewares/Third_Party/FreeRTOS/cmsis_os2.o
 .bss.Idle_TCB.12888
                0x000000002400009c       0xbc ./Middlewares/Third_Party/FreeRTOS/cmsis_os2.o
 .bss.Idle_Stack.12889
                0x0000000024000158      0x200 ./Middlewares/Third_Party/FreeRTOS/cmsis_os2.o
 .bss.Timer_TCB.12895
                0x0000000024000358       0xbc ./Middlewares/Third_Party/FreeRTOS/cmsis_os2.o
 .bss.Timer_Stack.12896
                0x0000000024000414      0x400 ./Middlewares/Third_Party/FreeRTOS/cmsis_os2.o
 .bss.ucHeap    0x0000000024000814     0x3c00 ./Middlewares/Third_Party/FreeRTOS/heap_4.o
 .bss.xStart    0x0000000024004414        0x8 ./Middlewares/Third_Party/FreeRTOS/heap_4.o
 .bss.pxEnd     0x000000002400441c        0x4 ./Middlewares/Third_Party/FreeRTOS/heap_4.o
 .bss.xFreeBytesRemaining
                0x0000000024004420        0x4 ./Middlewares/Third_Party/FreeRTOS/heap_4.o
 .bss.xMinimumEverFreeBytesRemaining
                0x0000000024004424        0x4 ./Middlewares/Third_Party/FreeRTOS/heap_4.o
 .bss.xNumberOfSuccessfulAllocations
                0x0000000024004428        0x4 ./Middlewares/Third_Party/FreeRTOS/heap_4.o
 .bss.xNumberOfSuccessfulFrees
                0x000000002400442c        0x4 ./Middlewares/Third_Party/FreeRTOS/heap_4.o
 .bss.xBlockAllocatedBit
                0x0000000024004430        0x4 ./Middlewares/Third_Party/FreeRTOS/heap_4.o
 .bss.ucMaxSysCallPriority
                0x0000000024004434        0x1 ./Middlewares/Third_Party/FreeRTOS/port.o
 *fill*         0x0000000024004435        0x3 
 .bss.ulMaxPRIGROUPValue
                0x0000000024004438        0x4 ./Middlewares/Third_Party/FreeRTOS/port.o
 .bss.pxCurrentTCB
                0x000000002400443c        0x4 ./Middlewares/Third_Party/FreeRTOS/tasks.o
                0x000000002400443c                pxCurrentTCB
 .bss.pxReadyTasksLists
                0x0000000024004440      0x460 ./Middlewares/Third_Party/FreeRTOS/tasks.o
 .bss.xDelayedTaskList1
                0x00000000240048a0       0x14 ./Middlewares/Third_Party/FreeRTOS/tasks.o
 .bss.xDelayedTaskList2
                0x00000000240048b4       0x14 ./Middlewares/Third_Party/FreeRTOS/tasks.o
 .bss.pxDelayedTaskList
                0x00000000240048c8        0x4 ./Middlewares/Third_Party/FreeRTOS/tasks.o
 .bss.pxOverflowDelayedTaskList
                0x00000000240048cc        0x4 ./Middlewares/Third_Party/FreeRTOS/tasks.o
 .bss.xPendingReadyList
                0x00000000240048d0       0x14 ./Middlewares/Third_Party/FreeRTOS/tasks.o
 .bss.xTasksWaitingTermination
                0x00000000240048e4       0x14 ./Middlewares/Third_Party/FreeRTOS/tasks.o
 .bss.uxDeletedTasksWaitingCleanUp
                0x00000000240048f8        0x4 ./Middlewares/Third_Party/FreeRTOS/tasks.o
 .bss.xSuspendedTaskList
                0x00000000240048fc       0x14 ./Middlewares/Third_Party/FreeRTOS/tasks.o
 .bss.uxCurrentNumberOfTasks
                0x0000000024004910        0x4 ./Middlewares/Third_Party/FreeRTOS/tasks.o
 .bss.xTickCount
                0x0000000024004914        0x4 ./Middlewares/Third_Party/FreeRTOS/tasks.o
 .bss.uxTopReadyPriority
                0x0000000024004918        0x4 ./Middlewares/Third_Party/FreeRTOS/tasks.o
 .bss.xSchedulerRunning
                0x000000002400491c        0x4 ./Middlewares/Third_Party/FreeRTOS/tasks.o
 .bss.xPendedTicks
                0x0000000024004920        0x4 ./Middlewares/Third_Party/FreeRTOS/tasks.o
 .bss.xYieldPending
                0x0000000024004924        0x4 ./Middlewares/Third_Party/FreeRTOS/tasks.o
 .bss.xNumOfOverflows
                0x0000000024004928        0x4 ./Middlewares/Third_Party/FreeRTOS/tasks.o
 .bss.uxTaskNumber
                0x000000002400492c        0x4 ./Middlewares/Third_Party/FreeRTOS/tasks.o
 .bss.xNextTaskUnblockTime
                0x0000000024004930        0x4 ./Middlewares/Third_Party/FreeRTOS/tasks.o
 .bss.xIdleTaskHandle
                0x0000000024004934        0x4 ./Middlewares/Third_Party/FreeRTOS/tasks.o
 .bss.uxSchedulerSuspended
                0x0000000024004938        0x4 ./Middlewares/Third_Party/FreeRTOS/tasks.o
 .bss.xActiveTimerList1
                0x000000002400493c       0x14 ./Middlewares/Third_Party/FreeRTOS/timers.o
 .bss.xActiveTimerList2
                0x0000000024004950       0x14 ./Middlewares/Third_Party/FreeRTOS/timers.o
 .bss.pxCurrentTimerList
                0x0000000024004964        0x4 ./Middlewares/Third_Party/FreeRTOS/timers.o
 .bss.pxOverflowTimerList
                0x0000000024004968        0x4 ./Middlewares/Third_Party/FreeRTOS/timers.o
 .bss.xTimerQueue
                0x000000002400496c        0x4 ./Middlewares/Third_Party/FreeRTOS/timers.o
 .bss.xTimerTaskHandle
                0x0000000024004970        0x4 ./Middlewares/Third_Party/FreeRTOS/timers.o
 .bss.xLastTime.7010
                0x0000000024004974        0x4 ./Middlewares/Third_Party/FreeRTOS/timers.o
 .bss.ucStaticTimerQueueStorage.7061
                0x0000000024004978       0xa0 ./Middlewares/Third_Party/FreeRTOS/timers.o
 .bss.xStaticTimerQueue.7060
                0x0000000024004a18       0x50 ./Middlewares/Third_Party/FreeRTOS/timers.o
 .bss.__malloc_free_list
                0x0000000024004a68        0x4 d:/stm32cubeide_1.8.0/stm32cubeide/plugins/com.st.stm32cube.ide.mcu.externaltools.gnu-tools-for-stm32.9-2020-q2-update.win32_2.0.0.202105311346/tools/bin/../lib/gcc/arm-none-eabi/9.3.1/../../../../arm-none-eabi/lib/thumb/v7e-m+dp/hard\libc_nano.a(lib_a-nano-mallocr.o)
                0x0000000024004a68                __malloc_free_list
 .bss.__malloc_sbrk_start
                0x0000000024004a6c        0x4 d:/stm32cubeide_1.8.0/stm32cubeide/plugins/com.st.stm32cube.ide.mcu.externaltools.gnu-tools-for-stm32.9-2020-q2-update.win32_2.0.0.202105311346/tools/bin/../lib/gcc/arm-none-eabi/9.3.1/../../../../arm-none-eabi/lib/thumb/v7e-m+dp/hard\libc_nano.a(lib_a-nano-mallocr.o)
                0x0000000024004a6c                __malloc_sbrk_start
 *(COMMON)
 COMMON         0x0000000024004a70      0x170 ./Core/Src/main.o
                0x0000000024004a70                defaultTaskHandle
                0x0000000024004a74                hi2c4
                0x0000000024004ac0                joy_down_button
                0x0000000024004ac4                KeyRelease_Sema_FromISRHandle
                0x0000000024004ac8                hi2c1
                0x0000000024004b14                hcrc
                0x0000000024004b38                huart1
                0x0000000024004bc8                KeyPress_Sema_FromISRHandle
                0x0000000024004bcc                sensor1
                0x0000000024004bd0                KeyMonitorTaskHandle
                0x0000000024004bd4                KeyStateHandle
                0x0000000024004bd8                key_pk3Handle
                0x0000000024004bdc                Key_Sema_AfterShakeHandle
 COMMON         0x0000000024004be0       0x4c ./Core/Src/stm32h7xx_hal_timebase_tim.o
                0x0000000024004be0                htim1
 COMMON         0x0000000024004c2c        0x4 ./Drivers/STM32H7xx_HAL_Driver/stm32h7xx_hal.o
                0x0000000024004c2c                uwTick
 COMMON         0x0000000024004c30       0x40 ./Middlewares/Third_Party/FreeRTOS/queue.o
                0x0000000024004c30                xQueueRegistry
 COMMON         0x0000000024004c70        0x9 d:/stm32cubeide_1.8.0/stm32cubeide/plugins/com.st.stm32cube.ide.mcu.externaltools.gnu-tools-for-stm32.9-2020-q2-update.win32_2.0.0.202105311346/tools/bin/../lib/gcc/arm-none-eabi/9.3.1/../../../../arm-none-eabi/lib/thumb/v7e-m+dp/hard\libc_nano.a(lib_a-lock.o)
                0x0000000024004c70                __lock___atexit_recursive_mutex
                0x0000000024004c71                __lock___arc4random_mutex
                0x0000000024004c72                __lock___env_recursive_mutex
                0x0000000024004c73                __lock___sinit_recursive_mutex
                0x0000000024004c74                __lock___malloc_recursive_mutex
                0x0000000024004c75                __lock___at_quick_exit_mutex
                0x0000000024004c76                __lock___dd_hash_mutex
                0x0000000024004c77                __lock___tz_mutex
                0x0000000024004c78                __lock___sfp_recursive_mutex
 *fill*         0x0000000024004c79        0x3 
 COMMON         0x0000000024004c7c        0x4 d:/stm32cubeide_1.8.0/stm32cubeide/plugins/com.st.stm32cube.ide.mcu.externaltools.gnu-tools-for-stm32.9-2020-q2-update.win32_2.0.0.202105311346/tools/bin/../lib/gcc/arm-none-eabi/9.3.1/../../../../arm-none-eabi/lib/thumb/v7e-m+dp/hard\libc_nano.a(lib_a-reent.o)
                0x0000000024004c7c                errno
                0x0000000024004c80                . = ALIGN (0x4)
                0x0000000024004c80                _ebss = .
                0x0000000024004c80                __bss_end__ = _ebss

._user_heap_stack
                0x0000000024004c80     0x2000 load address 0x000000000800bf78
                0x0000000024004c80                . = ALIGN (0x8)
                [!provide]                        PROVIDE (end = .)
                0x0000000024004c80                PROVIDE (_end = .)
                0x0000000024005c80                . = (. + _Min_Heap_Size)
 *fill*         0x0000000024004c80     0x1000 
                0x0000000024006c80                . = (. + _Min_Stack_Size)
 *fill*         0x0000000024005c80     0x1000 
                0x0000000024006c80                . = ALIGN (0x8)

/DISCARD/
 libc.a(*)
 libm.a(*)
 libgcc.a(*)

.ARM.attributes
                0x0000000000000000       0x2e
 *(.ARM.attributes)
 .ARM.attributes
                0x0000000000000000       0x1e d:/stm32cubeide_1.8.0/stm32cubeide/plugins/com.st.stm32cube.ide.mcu.externaltools.gnu-tools-for-stm32.9-2020-q2-update.win32_2.0.0.202105311346/tools/bin/../lib/gcc/arm-none-eabi/9.3.1/thumb/v7e-m+dp/hard/crti.o
 .ARM.attributes
                0x000000000000001e       0x32 d:/stm32cubeide_1.8.0/stm32cubeide/plugins/com.st.stm32cube.ide.mcu.externaltools.gnu-tools-for-stm32.9-2020-q2-update.win32_2.0.0.202105311346/tools/bin/../lib/gcc/arm-none-eabi/9.3.1/thumb/v7e-m+dp/hard/crtbegin.o
 .ARM.attributes
                0x0000000000000050       0x32 ./Common/Src/system_stm32h7xx_dualcore_boot_cm4_cm7.o
 .ARM.attributes
                0x0000000000000082       0x32 ./Core/Src/bh.o
 .ARM.attributes
                0x00000000000000b4       0x32 ./Core/Src/key.o
 .ARM.attributes
                0x00000000000000e6       0x32 ./Core/Src/main.o
 .ARM.attributes
                0x0000000000000118       0x32 ./Core/Src/stm32h7xx_hal_msp.o
 .ARM.attributes
                0x000000000000014a       0x32 ./Core/Src/stm32h7xx_hal_timebase_tim.o
 .ARM.attributes
                0x000000000000017c       0x32 ./Core/Src/stm32h7xx_it.o
 .ARM.attributes
                0x00000000000001ae       0x32 ./Core/Src/sysmem.o
 .ARM.attributes
                0x00000000000001e0       0x32 ./Core/Src/uart_transmit.o
 .ARM.attributes
                0x0000000000000212       0x21 ./Core/Startup/startup_stm32h747xihx.o
 .ARM.attributes
                0x0000000000000233       0x32 ./Drivers/STM32H7xx_HAL_Driver/stm32h7xx_hal.o
 .ARM.attributes
                0x0000000000000265       0x32 ./Drivers/STM32H7xx_HAL_Driver/stm32h7xx_hal_cortex.o
 .ARM.attributes
                0x0000000000000297       0x32 ./Drivers/STM32H7xx_HAL_Driver/stm32h7xx_hal_crc.o
 .ARM.attributes
                0x00000000000002c9       0x32 ./Drivers/STM32H7xx_HAL_Driver/stm32h7xx_hal_crc_ex.o
 .ARM.attributes
                0x00000000000002fb       0x32 ./Drivers/STM32H7xx_HAL_Driver/stm32h7xx_hal_gpio.o
 .ARM.attributes
                0x000000000000032d       0x32 ./Drivers/STM32H7xx_HAL_Driver/stm32h7xx_hal_hsem.o
 .ARM.attributes
                0x000000000000035f       0x32 ./Drivers/STM32H7xx_HAL_Driver/stm32h7xx_hal_i2c.o
 .ARM.attributes
                0x0000000000000391       0x32 ./Drivers/STM32H7xx_HAL_Driver/stm32h7xx_hal_i2c_ex.o
 .ARM.attributes
                0x00000000000003c3       0x32 ./Drivers/STM32H7xx_HAL_Driver/stm32h7xx_hal_pwr_ex.o
 .ARM.attributes
                0x00000000000003f5       0x32 ./Drivers/STM32H7xx_HAL_Driver/stm32h7xx_hal_rcc.o
 .ARM.attributes
                0x0000000000000427       0x32 ./Drivers/STM32H7xx_HAL_Driver/stm32h7xx_hal_rcc_ex.o
 .ARM.attributes
                0x0000000000000459       0x32 ./Drivers/STM32H7xx_HAL_Driver/stm32h7xx_hal_tim.o
 .ARM.attributes
                0x000000000000048b       0x32 ./Drivers/STM32H7xx_HAL_Driver/stm32h7xx_hal_tim_ex.o
 .ARM.attributes
                0x00000000000004bd       0x32 ./Drivers/STM32H7xx_HAL_Driver/stm32h7xx_hal_uart.o
 .ARM.attributes
                0x00000000000004ef       0x32 ./Drivers/STM32H7xx_HAL_Driver/stm32h7xx_hal_uart_ex.o
 .ARM.attributes
                0x0000000000000521       0x32 ./Middlewares/Third_Party/FreeRTOS/cmsis_os2.o
 .ARM.attributes
                0x0000000000000553       0x32 ./Middlewares/Third_Party/FreeRTOS/event_groups.o
 .ARM.attributes
                0x0000000000000585       0x32 ./Middlewares/Third_Party/FreeRTOS/heap_4.o
 .ARM.attributes
                0x00000000000005b7       0x32 ./Middlewares/Third_Party/FreeRTOS/list.o
 .ARM.attributes
                0x00000000000005e9       0x32 ./Middlewares/Third_Party/FreeRTOS/port.o
 .ARM.attributes
                0x000000000000061b       0x32 ./Middlewares/Third_Party/FreeRTOS/queue.o
 .ARM.attributes
                0x000000000000064d       0x32 ./Middlewares/Third_Party/FreeRTOS/tasks.o
 .ARM.attributes
                0x000000000000067f       0x32 ./Middlewares/Third_Party/FreeRTOS/timers.o
 .ARM.attributes
                0x00000000000006b1       0x32 d:/stm32cubeide_1.8.0/stm32cubeide/plugins/com.st.stm32cube.ide.mcu.externaltools.gnu-tools-for-stm32.9-2020-q2-update.win32_2.0.0.202105311346/tools/bin/../lib/gcc/arm-none-eabi/9.3.1/../../../../arm-none-eabi/lib/thumb/v7e-m+dp/hard\libm.a(lib_a-pow.o)
 .ARM.attributes
                0x00000000000006e3       0x30 d:/stm32cubeide_1.8.0/stm32cubeide/plugins/com.st.stm32cube.ide.mcu.externaltools.gnu-tools-for-stm32.9-2020-q2-update.win32_2.0.0.202105311346/tools/bin/../lib/gcc/arm-none-eabi/9.3.1/../../../../arm-none-eabi/lib/thumb/v7e-m+dp/hard\libm.a(lib_a-pow_log_data.o)
 .ARM.attributes
                0x0000000000000713       0x30 d:/stm32cubeide_1.8.0/stm32cubeide/plugins/com.st.stm32cube.ide.mcu.externaltools.gnu-tools-for-stm32.9-2020-q2-update.win32_2.0.0.202105311346/tools/bin/../lib/gcc/arm-none-eabi/9.3.1/../../../../arm-none-eabi/lib/thumb/v7e-m+dp/hard\libm.a(lib_a-exp_data.o)
 .ARM.attributes
                0x0000000000000743       0x32 d:/stm32cubeide_1.8.0/stm32cubeide/plugins/com.st.stm32cube.ide.mcu.externaltools.gnu-tools-for-stm32.9-2020-q2-update.win32_2.0.0.202105311346/tools/bin/../lib/gcc/arm-none-eabi/9.3.1/../../../../arm-none-eabi/lib/thumb/v7e-m+dp/hard\libm.a(lib_a-math_err.o)
 .ARM.attributes
                0x0000000000000775       0x32 d:/stm32cubeide_1.8.0/stm32cubeide/plugins/com.st.stm32cube.ide.mcu.externaltools.gnu-tools-for-stm32.9-2020-q2-update.win32_2.0.0.202105311346/tools/bin/../lib/gcc/arm-none-eabi/9.3.1/../../../../arm-none-eabi/lib/thumb/v7e-m+dp/hard\libc_nano.a(lib_a-errno.o)
 .ARM.attributes
                0x00000000000007a7       0x32 d:/stm32cubeide_1.8.0/stm32cubeide/plugins/com.st.stm32cube.ide.mcu.externaltools.gnu-tools-for-stm32.9-2020-q2-update.win32_2.0.0.202105311346/tools/bin/../lib/gcc/arm-none-eabi/9.3.1/../../../../arm-none-eabi/lib/thumb/v7e-m+dp/hard\libc_nano.a(lib_a-findfp.o)
 .ARM.attributes
                0x00000000000007d9       0x30 d:/stm32cubeide_1.8.0/stm32cubeide/plugins/com.st.stm32cube.ide.mcu.externaltools.gnu-tools-for-stm32.9-2020-q2-update.win32_2.0.0.202105311346/tools/bin/../lib/gcc/arm-none-eabi/9.3.1/../../../../arm-none-eabi/lib/thumb/v7e-m+dp/hard\libc_nano.a(lib_a-impure.o)
 .ARM.attributes
                0x0000000000000809       0x32 d:/stm32cubeide_1.8.0/stm32cubeide/plugins/com.st.stm32cube.ide.mcu.externaltools.gnu-tools-for-stm32.9-2020-q2-update.win32_2.0.0.202105311346/tools/bin/../lib/gcc/arm-none-eabi/9.3.1/../../../../arm-none-eabi/lib/thumb/v7e-m+dp/hard\libc_nano.a(lib_a-init.o)
 .ARM.attributes
                0x000000000000083b       0x32 d:/stm32cubeide_1.8.0/stm32cubeide/plugins/com.st.stm32cube.ide.mcu.externaltools.gnu-tools-for-stm32.9-2020-q2-update.win32_2.0.0.202105311346/tools/bin/../lib/gcc/arm-none-eabi/9.3.1/../../../../arm-none-eabi/lib/thumb/v7e-m+dp/hard\libc_nano.a(lib_a-lock.o)
 .ARM.attributes
                0x000000000000086d       0x32 d:/stm32cubeide_1.8.0/stm32cubeide/plugins/com.st.stm32cube.ide.mcu.externaltools.gnu-tools-for-stm32.9-2020-q2-update.win32_2.0.0.202105311346/tools/bin/../lib/gcc/arm-none-eabi/9.3.1/../../../../arm-none-eabi/lib/thumb/v7e-m+dp/hard\libc_nano.a(lib_a-malloc.o)
 .ARM.attributes
                0x000000000000089f       0x32 d:/stm32cubeide_1.8.0/stm32cubeide/plugins/com.st.stm32cube.ide.mcu.externaltools.gnu-tools-for-stm32.9-2020-q2-update.win32_2.0.0.202105311346/tools/bin/../lib/gcc/arm-none-eabi/9.3.1/../../../../arm-none-eabi/lib/thumb/v7e-m+dp/hard\libc_nano.a(lib_a-memcpy-stub.o)
 .ARM.attributes
                0x00000000000008d1       0x32 d:/stm32cubeide_1.8.0/stm32cubeide/plugins/com.st.stm32cube.ide.mcu.externaltools.gnu-tools-for-stm32.9-2020-q2-update.win32_2.0.0.202105311346/tools/bin/../lib/gcc/arm-none-eabi/9.3.1/../../../../arm-none-eabi/lib/thumb/v7e-m+dp/hard\libc_nano.a(lib_a-memset.o)
 .ARM.attributes
                0x0000000000000903       0x32 d:/stm32cubeide_1.8.0/stm32cubeide/plugins/com.st.stm32cube.ide.mcu.externaltools.gnu-tools-for-stm32.9-2020-q2-update.win32_2.0.0.202105311346/tools/bin/../lib/gcc/arm-none-eabi/9.3.1/../../../../arm-none-eabi/lib/thumb/v7e-m+dp/hard\libc_nano.a(lib_a-nano-freer.o)
 .ARM.attributes
                0x0000000000000935       0x32 d:/stm32cubeide_1.8.0/stm32cubeide/plugins/com.st.stm32cube.ide.mcu.externaltools.gnu-tools-for-stm32.9-2020-q2-update.win32_2.0.0.202105311346/tools/bin/../lib/gcc/arm-none-eabi/9.3.1/../../../../arm-none-eabi/lib/thumb/v7e-m+dp/hard\libc_nano.a(lib_a-nano-mallocr.o)
 .ARM.attributes
                0x0000000000000967       0x32 d:/stm32cubeide_1.8.0/stm32cubeide/plugins/com.st.stm32cube.ide.mcu.externaltools.gnu-tools-for-stm32.9-2020-q2-update.win32_2.0.0.202105311346/tools/bin/../lib/gcc/arm-none-eabi/9.3.1/../../../../arm-none-eabi/lib/thumb/v7e-m+dp/hard\libc_nano.a(lib_a-reent.o)
 .ARM.attributes
                0x0000000000000999       0x32 d:/stm32cubeide_1.8.0/stm32cubeide/plugins/com.st.stm32cube.ide.mcu.externaltools.gnu-tools-for-stm32.9-2020-q2-update.win32_2.0.0.202105311346/tools/bin/../lib/gcc/arm-none-eabi/9.3.1/../../../../arm-none-eabi/lib/thumb/v7e-m+dp/hard\libc_nano.a(lib_a-sbrkr.o)
 .ARM.attributes
                0x00000000000009cb       0x32 d:/stm32cubeide_1.8.0/stm32cubeide/plugins/com.st.stm32cube.ide.mcu.externaltools.gnu-tools-for-stm32.9-2020-q2-update.win32_2.0.0.202105311346/tools/bin/../lib/gcc/arm-none-eabi/9.3.1/../../../../arm-none-eabi/lib/thumb/v7e-m+dp/hard\libc_nano.a(lib_a-mlock.o)
 .ARM.attributes
                0x00000000000009fd       0x1e d:/stm32cubeide_1.8.0/stm32cubeide/plugins/com.st.stm32cube.ide.mcu.externaltools.gnu-tools-for-stm32.9-2020-q2-update.win32_2.0.0.202105311346/tools/bin/../lib/gcc/arm-none-eabi/9.3.1/thumb/v7e-m+dp/hard\libgcc.a(_aeabi_uldivmod.o)
 .ARM.attributes
                0x0000000000000a1b       0x32 d:/stm32cubeide_1.8.0/stm32cubeide/plugins/com.st.stm32cube.ide.mcu.externaltools.gnu-tools-for-stm32.9-2020-q2-update.win32_2.0.0.202105311346/tools/bin/../lib/gcc/arm-none-eabi/9.3.1/thumb/v7e-m+dp/hard\libgcc.a(_udivmoddi4.o)
 .ARM.attributes
                0x0000000000000a4d       0x1e d:/stm32cubeide_1.8.0/stm32cubeide/plugins/com.st.stm32cube.ide.mcu.externaltools.gnu-tools-for-stm32.9-2020-q2-update.win32_2.0.0.202105311346/tools/bin/../lib/gcc/arm-none-eabi/9.3.1/thumb/v7e-m+dp/hard\libgcc.a(_dvmd_tls.o)
 .ARM.attributes
                0x0000000000000a6b       0x1e d:/stm32cubeide_1.8.0/stm32cubeide/plugins/com.st.stm32cube.ide.mcu.externaltools.gnu-tools-for-stm32.9-2020-q2-update.win32_2.0.0.202105311346/tools/bin/../lib/gcc/arm-none-eabi/9.3.1/thumb/v7e-m+dp/hard/crtn.o
OUTPUT(H7_test_CM7.elf elf32-littlearm)
LOAD linker stubs
LOAD d:/stm32cubeide_1.8.0/stm32cubeide/plugins/com.st.stm32cube.ide.mcu.externaltools.gnu-tools-for-stm32.9-2020-q2-update.win32_2.0.0.202105311346/tools/bin/../lib/gcc/arm-none-eabi/9.3.1/../../../../arm-none-eabi/lib/thumb/v7e-m+dp/hard\libc.a
LOAD d:/stm32cubeide_1.8.0/stm32cubeide/plugins/com.st.stm32cube.ide.mcu.externaltools.gnu-tools-for-stm32.9-2020-q2-update.win32_2.0.0.202105311346/tools/bin/../lib/gcc/arm-none-eabi/9.3.1/../../../../arm-none-eabi/lib/thumb/v7e-m+dp/hard\libm.a
LOAD d:/stm32cubeide_1.8.0/stm32cubeide/plugins/com.st.stm32cube.ide.mcu.externaltools.gnu-tools-for-stm32.9-2020-q2-update.win32_2.0.0.202105311346/tools/bin/../lib/gcc/arm-none-eabi/9.3.1/thumb/v7e-m+dp/hard\libgcc.a

.debug_info     0x0000000000000000    0x38362
 .debug_info    0x0000000000000000     0x184a ./Common/Src/system_stm32h7xx_dualcore_boot_cm4_cm7.o
 .debug_info    0x000000000000184a     0x177d ./Core/Src/bh.o
 .debug_info    0x0000000000002fc7     0x1220 ./Core/Src/key.o
 .debug_info    0x00000000000041e7     0x2fac ./Core/Src/main.o
 .debug_info    0x0000000000007193     0x23d9 ./Core/Src/stm32h7xx_hal_msp.o