main.c:153:1:__io_putchar	16	static
main.c:160:5:_write	32	static
main.c:181:5:main	16	static
main.c:321:6:SystemClock_Config	120	static
main.c:370:13:MX_CRC_Init	8	static
main.c:401:13:MX_I2C1_Init	8	static
main.c:447:13:MX_I2C4_Init	8	static
main.c:493:13:MX_USART1_UART_Init	8	static
main.c:539:13:MX_DMA_Init	16	static
main.c:560:13:MX_GPIO_Init	56	static
main.c:604:6:HAL_UART_RxCpltCallback	16	static
main.c:621:6:HAL_UART_TxCpltCallback	16	static
main.c:635:6:StartDefaultTask	24	static
main.c:684:6:KeyMonitorTask_Function	160	static
main.c:715:6:KeyState_Function	16	static
main.c:747:6:HAL_TIM_PeriodElapsedCallback	16	static
main.c:764:6:Error_Handler	4	static,ignoring_inline_asm
