stm32h7xx_it.c:80:6:NMI_Handler	4	static
stm32h7xx_it.c:95:6:HardFault_Handler	4	static
stm32h7xx_it.c:110:6:MemManage_Handler	4	static
stm32h7xx_it.c:125:6:BusFault_Handler	4	static
stm32h7xx_it.c:140:6:UsageFault_Handler	4	static
stm32h7xx_it.c:155:6:DebugMon_Handler	4	static
stm32h7xx_it.c:175:6:EXTI3_IRQHandler	8	static
stm32h7xx_it.c:195:6:DMA1_Stream0_IRQHandler	8	static
stm32h7xx_it.c:209:6:DMA1_Stream1_IRQHandler	8	static
stm32h7xx_it.c:223:6:TIM1_UP_IRQHandler	8	static
stm32h7xx_it.c:237:6:USART1_IRQHandler	8	static
stm32h7xx_it.c:251:6:HSEM1_IRQHandler	8	static
