inv_mpu.c:681:12:set_int_enable	24	static
inv_mpu.c:713:5:mpu_reg_dump	16	static
inv_mpu.c:735:5:mpu_read_reg	16	static
inv_mpu.c:757:5:mpu_init	16	static
inv_mpu.c:888:5:mpu_lp_accel_mode	24	static
inv_mpu.c:972:5:mpu_get_gyro_reg	24	static
inv_mpu.c:995:5:mpu_get_accel_reg	24	static
inv_mpu.c:1018:5:mpu_get_temperature	24	static
inv_mpu.c:1043:5:mpu_set_accel_bias	48	static
inv_mpu.c:1092:5:mpu_reset_fifo	16	static
inv_mpu.c:1154:5:mpu_get_gyro_fsr	16	static
inv_mpu.c:1181:5:mpu_set_gyro_fsr	24	static
inv_mpu.c:1218:5:mpu_get_accel_fsr	16	static
inv_mpu.c:1246:5:mpu_set_accel_fsr	24	static
inv_mpu.c:1283:5:mpu_get_lpf	16	static
inv_mpu.c:1319:5:mpu_set_lpf	24	static
inv_mpu.c:1352:5:mpu_get_sample_rate	16	static
inv_mpu.c:1367:5:mpu_set_sample_rate	24	static
inv_mpu.c:1414:5:mpu_get_compass_sample_rate	16	static
inv_mpu.c:1436:5:mpu_set_compass_sample_rate	16	static
inv_mpu.c:1458:5:mpu_get_gyro_sens	16	static
inv_mpu.c:1484:5:mpu_get_accel_sens	16	static
inv_mpu.c:1516:5:mpu_get_fifo_config	16	static
inv_mpu.c:1531:5:mpu_configure_fifo	24	static
inv_mpu.c:1573:5:mpu_get_power_state	16	static
inv_mpu.c:1592:5:mpu_set_sensors	24	static
inv_mpu.c:1669:5:mpu_get_int_status	24	static
inv_mpu.c:1698:5:mpu_read_fifo	48	static
inv_mpu.c:1779:5:mpu_read_fifo_stream	32	static
inv_mpu.c:1828:5:mpu_set_bypass	24	static
inv_mpu.c:1878:5:mpu_set_int_level	16	static
inv_mpu.c:1890:5:mpu_set_int_latched	24	static
inv_mpu.c:1911:12:get_accel_prod_shift	32	static
inv_mpu.c:1936:12:accel_self_test	48	static
inv_mpu.c:1956:12:gyro_self_test	40	static
inv_mpu.c:2040:12:get_st_biases	112	static
inv_mpu.c:2180:5:mpu_run_self_test	64	static
inv_mpu.c:2284:5:mpu_write_mem	24	static
inv_mpu.c:2317:5:mpu_read_mem	24	static
inv_mpu.c:2349:5:mpu_load_firmware	48	static
inv_mpu.c:2390:5:mpu_set_dmp_state	24	static
inv_mpu.c:2432:5:mpu_get_dmp_state	16	static
inv_mpu.c:2440:5:setup_compass	4	static
inv_mpu.c:2551:5:mpu_get_compass_reg	16	static
inv_mpu.c:2604:5:mpu_get_compass_fsr	16	static
inv_mpu.c:2658:5:mpu_lp_motion_interrupt	32	static
inv_mpu.c:2888:4:run_self_test	48	static
inv_mpu.c:2915:16:inv_orientation_matrix_to_scalar	24	static
inv_mpu.c:2936:16:inv_row_2_scale	24	static
inv_mpu.c:2957:6:mget_ms	16	static
inv_mpu.c:2964:4:mpu_dmp_init	16	static
inv_mpu.c:2998:4:mpu_dmp_get_data	96	static
